Archive member included to satisfy reference by file (symbol)

c:/st/stm32cubeide_1.12.1/stm32cubeide/plugins/com.st.stm32cube.ide.mcu.externaltools.gnu-tools-for-stm32.10.3-2021.10.win32_1.0.200.202301161003/tools/bin/../lib/gcc/arm-none-eabi/10.3.1/../../../../arm-none-eabi/lib/thumb/v6-m/nofp\libc_nano.a(lib_a-errno.o)
                              ./Core/Src/syscalls.o (__errno)
c:/st/stm32cubeide_1.12.1/stm32cubeide/plugins/com.st.stm32cube.ide.mcu.externaltools.gnu-tools-for-stm32.10.3-2021.10.win32_1.0.200.202301161003/tools/bin/../lib/gcc/arm-none-eabi/10.3.1/../../../../arm-none-eabi/lib/thumb/v6-m/nofp\libc_nano.a(lib_a-exit.o)
                              c:/st/stm32cubeide_1.12.1/stm32cubeide/plugins/com.st.stm32cube.ide.mcu.externaltools.gnu-tools-for-stm32.10.3-2021.10.win32_1.0.200.202301161003/tools/bin/../lib/gcc/arm-none-eabi/10.3.1/../../../../arm-none-eabi/lib/thumb/v6-m/nofp/crt0.o (exit)
c:/st/stm32cubeide_1.12.1/stm32cubeide/plugins/com.st.stm32cube.ide.mcu.externaltools.gnu-tools-for-stm32.10.3-2021.10.win32_1.0.200.202301161003/tools/bin/../lib/gcc/arm-none-eabi/10.3.1/../../../../arm-none-eabi/lib/thumb/v6-m/nofp\libc_nano.a(lib_a-impure.o)
                              c:/st/stm32cubeide_1.12.1/stm32cubeide/plugins/com.st.stm32cube.ide.mcu.externaltools.gnu-tools-for-stm32.10.3-2021.10.win32_1.0.200.202301161003/tools/bin/../lib/gcc/arm-none-eabi/10.3.1/../../../../arm-none-eabi/lib/thumb/v6-m/nofp\libc_nano.a(lib_a-exit.o) (_global_impure_ptr)
c:/st/stm32cubeide_1.12.1/stm32cubeide/plugins/com.st.stm32cube.ide.mcu.externaltools.gnu-tools-for-stm32.10.3-2021.10.win32_1.0.200.202301161003/tools/bin/../lib/gcc/arm-none-eabi/10.3.1/../../../../arm-none-eabi/lib/thumb/v6-m/nofp\libc_nano.a(lib_a-init.o)
                              c:/st/stm32cubeide_1.12.1/stm32cubeide/plugins/com.st.stm32cube.ide.mcu.externaltools.gnu-tools-for-stm32.10.3-2021.10.win32_1.0.200.202301161003/tools/bin/../lib/gcc/arm-none-eabi/10.3.1/../../../../arm-none-eabi/lib/thumb/v6-m/nofp/crt0.o (__libc_init_array)
c:/st/stm32cubeide_1.12.1/stm32cubeide/plugins/com.st.stm32cube.ide.mcu.externaltools.gnu-tools-for-stm32.10.3-2021.10.win32_1.0.200.202301161003/tools/bin/../lib/gcc/arm-none-eabi/10.3.1/../../../../arm-none-eabi/lib/thumb/v6-m/nofp\libc_nano.a(lib_a-memset.o)
                              c:/st/stm32cubeide_1.12.1/stm32cubeide/plugins/com.st.stm32cube.ide.mcu.externaltools.gnu-tools-for-stm32.10.3-2021.10.win32_1.0.200.202301161003/tools/bin/../lib/gcc/arm-none-eabi/10.3.1/../../../../arm-none-eabi/lib/thumb/v6-m/nofp/crt0.o (memset)
c:/st/stm32cubeide_1.12.1/stm32cubeide/plugins/com.st.stm32cube.ide.mcu.externaltools.gnu-tools-for-stm32.10.3-2021.10.win32_1.0.200.202301161003/tools/bin/../lib/gcc/arm-none-eabi/10.3.1/../../../../arm-none-eabi/lib/thumb/v6-m/nofp\libc_nano.a(lib_a-strlen.o)
                              ./Core/Src/debug.o (strlen)
c:/st/stm32cubeide_1.12.1/stm32cubeide/plugins/com.st.stm32cube.ide.mcu.externaltools.gnu-tools-for-stm32.10.3-2021.10.win32_1.0.200.202301161003/tools/bin/../lib/gcc/arm-none-eabi/10.3.1/../../../../arm-none-eabi/lib/thumb/v6-m/nofp\libc_nano.a(lib_a-vsnprintf.o)
                              ./Core/Src/debug.o (vsnprintf)
c:/st/stm32cubeide_1.12.1/stm32cubeide/plugins/com.st.stm32cube.ide.mcu.externaltools.gnu-tools-for-stm32.10.3-2021.10.win32_1.0.200.202301161003/tools/bin/../lib/gcc/arm-none-eabi/10.3.1/../../../../arm-none-eabi/lib/thumb/v6-m/nofp\libc_nano.a(lib_a-nano-svfprintf.o)
                              c:/st/stm32cubeide_1.12.1/stm32cubeide/plugins/com.st.stm32cube.ide.mcu.externaltools.gnu-tools-for-stm32.10.3-2021.10.win32_1.0.200.202301161003/tools/bin/../lib/gcc/arm-none-eabi/10.3.1/../../../../arm-none-eabi/lib/thumb/v6-m/nofp\libc_nano.a(lib_a-vsnprintf.o) (_svfprintf_r)
c:/st/stm32cubeide_1.12.1/stm32cubeide/plugins/com.st.stm32cube.ide.mcu.externaltools.gnu-tools-for-stm32.10.3-2021.10.win32_1.0.200.202301161003/tools/bin/../lib/gcc/arm-none-eabi/10.3.1/../../../../arm-none-eabi/lib/thumb/v6-m/nofp\libc_nano.a(lib_a-nano-vfprintf_i.o)
                              c:/st/stm32cubeide_1.12.1/stm32cubeide/plugins/com.st.stm32cube.ide.mcu.externaltools.gnu-tools-for-stm32.10.3-2021.10.win32_1.0.200.202301161003/tools/bin/../lib/gcc/arm-none-eabi/10.3.1/../../../../arm-none-eabi/lib/thumb/v6-m/nofp\libc_nano.a(lib_a-nano-svfprintf.o) (_printf_i)
c:/st/stm32cubeide_1.12.1/stm32cubeide/plugins/com.st.stm32cube.ide.mcu.externaltools.gnu-tools-for-stm32.10.3-2021.10.win32_1.0.200.202301161003/tools/bin/../lib/gcc/arm-none-eabi/10.3.1/../../../../arm-none-eabi/lib/thumb/v6-m/nofp\libc_nano.a(lib_a-memchr-stub.o)
                              c:/st/stm32cubeide_1.12.1/stm32cubeide/plugins/com.st.stm32cube.ide.mcu.externaltools.gnu-tools-for-stm32.10.3-2021.10.win32_1.0.200.202301161003/tools/bin/../lib/gcc/arm-none-eabi/10.3.1/../../../../arm-none-eabi/lib/thumb/v6-m/nofp\libc_nano.a(lib_a-nano-svfprintf.o) (memchr)
[...]
Memory Configuration

Name             Origin             Length             Attributes
RAM              0x0000000020000000 0x0000000000024000 xrw
FLASH            0x0000000008000000 0x0000000000020000 xr
*default*        0x0000000000000000 0xffffffffffffffff

Linker script and memory map

LOAD c:/st/stm32cubeide_1.12.1/stm32cubeide/plugins/com.st.stm32cube.ide.mcu.externaltools.gnu-tools-for-stm32.10.3-2021.10.win32_1.0.200.202301161003/tools/bin/../lib/gcc/arm-none-eabi/10.3.1/thumb/v6-m/nofp/crti.o
LOAD c:/st/stm32cubeide_1.12.1/stm32cubeide/plugins/com.st.stm32cube.ide.mcu.externaltools.gnu-tools-for-stm32.10.3-2021.10.win32_1.0.200.202301161003/tools/bin/../lib/gcc/arm-none-eabi/10.3.1/thumb/v6-m/nofp/crtbegin.o
LOAD c:/st/stm32cubeide_1.12.1/stm32cubeide/plugins/com.st.stm32cube.ide.mcu.externaltools.gnu-tools-for-stm32.10.3-2021.10.win32_1.0.200.202301161003/tools/bin/../lib/gcc/arm-none-eabi/10.3.1/../../../../arm-none-eabi/lib/thumb/v6-m/nofp/crt0.o
LOAD ./Core/Src/basicApp.o
LOAD ./Core/Src/canMsgRingBuf.o
LOAD ./Core/Src/debug.o
LOAD ./Core/Src/main.o
LOAD ./Core/Src/mcp2515_drv.o
LOAD ./Core/Src/mcp2515_hardware.o
LOAD ./Core/Src/stm32g0xx_hal_msp.o
LOAD ./Core/Src/stm32g0xx_it.o
LOAD ./Core/Src/syscalls.o
LOAD ./Core/Src/sysmem.o
LOAD ./Core/Src/system_stm32g0xx.o
LOAD ./Core/Startup/startup_stm32g0b1cbtx.o
LOAD ./Drivers/STM32G0xx_HAL_Driver/Src/stm32g0xx_hal.o
LOAD ./Drivers/STM32G0xx_HAL_Driver/Src/stm32g0xx_hal_cortex.o
LOAD ./Drivers/STM32G0xx_HAL_Driver/Src/stm32g0xx_hal_dma.o
LOAD ./Drivers/STM32G0xx_HAL_Driver/Src/stm32g0xx_hal_dma_ex.o
LOAD ./Drivers/STM32G0xx_HAL_Driver/Src/stm32g0xx_hal_exti.o
LOAD ./Drivers/STM32G0xx_HAL_Driver/Src/stm32g0xx_hal_fdcan.o
LOAD ./Drivers/STM32G0xx_HAL_Driver/Src/stm32g0xx_hal_flash.o
LOAD ./Drivers/STM32G0xx_HAL_Driver/Src/stm32g0xx_hal_flash_ex.o
LOAD ./Drivers/STM32G0xx_HAL_Driver/Src/stm32g0xx_hal_gpio.o
LOAD ./Drivers/STM32G0xx_HAL_Driver/Src/stm32g0xx_hal_pwr.o
LOAD ./Drivers/STM32G0xx_HAL_Driver/Src/stm32g0xx_hal_pwr_ex.o
LOAD ./Drivers/STM32G0xx_HAL_Driver/Src/stm32g0xx_hal_rcc.o
LOAD ./Drivers/STM32G0xx_HAL_Driver/Src/stm32g0xx_hal_rcc_ex.o
LOAD ./Drivers/STM32G0xx_HAL_Driver/Src/stm32g0xx_hal_spi.o
LOAD ./Drivers/STM32G0xx_HAL_Driver/Src/stm32g0xx_hal_spi_ex.o
LOAD ./Drivers/STM32G0xx_HAL_Driver/Src/stm32g0xx_hal_tim.o
LOAD ./Drivers/STM32G0xx_HAL_Driver/Src/stm32g0xx_hal_tim_ex.o
LOAD ./Drivers/STM32G0xx_HAL_Driver/Src/stm32g0xx_hal_uart.o
LOAD ./Drivers/STM32G0xx_HAL_Driver/Src/stm32g0xx_hal_uart_ex.o
LOAD ./Drivers/STM32G0xx_HAL_Driver/Src/stm32g0xx_ll_dma.o
LOAD ./Drivers/STM32G0xx_HAL_Driver/Src/stm32g0xx_ll_rcc.o
START GROUP
LOAD c:/st/stm32cubeide_1.12.1/stm32cubeide/plugins/com.st.stm32cube.ide.mcu.externaltools.gnu-tools-for-stm32.10.3-2021.10.win32_1.0.200.202301161003/tools/bin/../lib/gcc/arm-none-eabi/10.3.1/../../../../arm-none-eabi/lib/thumb/v6-m/nofp\libc_nano.a
LOAD c:/st/stm32cubeide_1.12.1/stm32cubeide/plugins/com.st.stm32cube.ide.mcu.externaltools.gnu-tools-for-stm32.10.3-2021.10.win32_1.0.200.202301161003/tools/bin/../lib/gcc/arm-none-eabi/10.3.1/../../../../arm-none-eabi/lib/thumb/v6-m/nofp\libm.a
END GROUP
START GROUP
LOAD c:/st/stm32cubeide_1.12.1/stm32cubeide/plugins/com.st.stm32cube.ide.mcu.externaltools.gnu-tools-for-stm32.10.3-2021.10.win32_1.0.200.202301161003/tools/bin/../lib/gcc/arm-none-eabi/10.3.1/thumb/v6-m/nofp\libgcc.a
LOAD c:/st/stm32cubeide_1.12.1/stm32cubeide/plugins/com.st.stm32cube.ide.mcu.externaltools.gnu-tools-for-stm32.10.3-2021.10.win32_1.0.200.202301161003/tools/bin/../lib/gcc/arm-none-eabi/10.3.1/../../../../arm-none-eabi/lib/thumb/v6-m/nofp\libc_nano.a
END GROUP
START GROUP
LOAD c:/st/stm32cubeide_1.12.1/stm32cubeide/plugins/com.st.stm32cube.ide.mcu.externaltools.gnu-tools-for-stm32.10.3-2021.10.win32_1.0.200.202301161003/tools/bin/../lib/gcc/arm-none-eabi/10.3.1/thumb/v6-m/nofp\libgcc.a
LOAD c:/st/stm32cubeide_1.12.1/stm32cubeide/plugins/com.st.stm32cube.ide.mcu.externaltools.gnu-tools-for-stm32.10.3-2021.10.win32_1.0.200.202301161003/tools/bin/../lib/gcc/arm-none-eabi/10.3.1/../../../../arm-none-eabi/lib/thumb/v6-m/nofp\libc_nano.a
LOAD c:/st/stm32cubeide_1.12.1/stm32cubeide/plugins/com.st.stm32cube.ide.mcu.externaltools.gnu-tools-for-stm32.10.3-2021.10.win32_1.0.200.202301161003/tools/bin/../lib/gcc/arm-none-eabi/10.3.1/../../../../arm-none-eabi/lib/thumb/v6-m/nofp\libnosys.a
END GROUP
START GROUP
LOAD c:/st/stm32cubeide_1.12.1/stm32cubeide/plugins/com.st.stm32cube.ide.mcu.externaltools.gnu-tools-for-stm32.10.3-2021.10.win32_1.0.200.202301161003/tools/bin/../lib/gcc/arm-none-eabi/10.3.1/thumb/v6-m/nofp\libgcc.a
LOAD c:/st/stm32cubeide_1.12.1/stm32cubeide/plugins/com.st.stm32cube.ide.mcu.externaltools.gnu-tools-for-stm32.10.3-2021.10.win32_1.0.200.202301161003/tools/bin/../lib/gcc/arm-none-eabi/10.3.1/../../../../arm-none-eabi/lib/thumb/v6-m/nofp\libc_nano.a
LOAD c:/st/stm32cubeide_1.12.1/stm32cubeide/plugins/com.st.stm32cube.ide.mcu.externaltools.gnu-tools-for-stm32.10.3-2021.10.win32_1.0.200.202301161003/tools/bin/../lib/gcc/arm-none-eabi/10.3.1/../../../../arm-none-eabi/lib/thumb/v6-m/nofp\libnosys.a
END GROUP
LOAD c:/st/stm32cubeide_1.12.1/stm32cubeide/plugins/com.st.stm32cube.ide.mcu.externaltools.gnu-tools-for-stm32.10.3-2021.10.win32_1.0.200.202301161003/tools/bin/../lib/gcc/arm-none-eabi/10.3.1/thumb/v6-m/nofp/crtend.o
LOAD c:/st/stm32cubeide_1.12.1/stm32cubeide/plugins/com.st.stm32cube.ide.mcu.externaltools.gnu-tools-for-stm32.10.3-2021.10.win32_1.0.200.202301161003/tools/bin/../lib/gcc/arm-none-eabi/10.3.1/thumb/v6-m/nofp/crtn.o
                0x0000000020024000                _estack = (ORIGIN (RAM) + LENGTH (RAM))
                0x0000000000000200                _Min_Heap_Size = 0x200
                0x0000000000000400                _Min_Stack_Size = 0x400

.isr_vector     0x0000000008000000       0xbc
                0x0000000008000000                . = ALIGN (0x4)
 *(.isr_vector)
 .isr_vector    0x0000000008000000       0xbc ./Core/Startup/startup_stm32g0b1cbtx.o
                0x0000000008000000                g_pfnVectors
                0x00000000080000bc                . = ALIGN (0x4)

.text           0x00000000080000bc     0x7564
                0x00000000080000bc                . = ALIGN (0x4)
 *(.text)
 .text          0x00000000080000bc       0x48 c:/st/stm32cubeide_1.12.1/stm32cubeide/plugins/com.st.stm32cube.ide.mcu.externaltools.gnu-tools-for-stm32.10.3-2021.10.win32_1.0.200.202301161003/tools/bin/../lib/gcc/arm-none-eabi/10.3.1/thumb/v6-m/nofp/crtbegin.o
 .text          0x0000000008000104        0xe c:/st/stm32cubeide_1.12.1/stm32cubeide/plugins/com.st.stm32cube.ide.mcu.externaltools.gnu-tools-for-stm32.10.3-2021.10.win32_1.0.200.202301161003/tools/bin/../lib/gcc/arm-none-eabi/10.3.1/../../../../arm-none-eabi/lib/thumb/v6-m/nofp\libc_nano.a(lib_a-strlen.o)
                0x0000000008000104                strlen
 *fill*         0x0000000008000112        0x2 
 .text          0x0000000008000114       0x14 c:/st/stm32cubeide_1.12.1/stm32cubeide/plugins/com.st.stm32cube.ide.mcu.externaltools.gnu-tools-for-stm32.10.3-2021.10.win32_1.0.200.202301161003/tools/bin/../lib/gcc/arm-none-eabi/10.3.1/thumb/v6-m/nofp\libgcc.a(_thumb1_case_shi.o)
                0x0000000008000114                __gnu_thumb1_case_shi
 .text          0x0000000008000128      0x114 c:/st/stm32cubeide_1.12.1/stm32cubeide/plugins/com.st.stm32cube.ide.mcu.externaltools.gnu-tools-for-stm32.10.3-2021.10.win32_1.0.200.202301161003/tools/bin/../lib/gcc/arm-none-eabi/10.3.1/thumb/v6-m/nofp\libgcc.a(_udivsi3.o)
                0x0000000008000128                __aeabi_uidiv
                0x0000000008000128                __udivsi3
                0x0000000008000234                __aeabi_uidivmod
 .text          0x000000000800023c      0x1d4 c:/st/stm32cubeide_1.12.1/stm32cubeide/plugins/com.st.stm32cube.ide.mcu.externaltools.gnu-tools-for-stm32.10.3-2021.10.win32_1.0.200.202301161003/tools/bin/../lib/gcc/arm-none-eabi/10.3.1/thumb/v6-m/nofp\libgcc.a(_divsi3.o)
                0x000000000800023c                __divsi3
                0x000000000800023c                __aeabi_idiv
                0x0000000008000408                __aeabi_idivmod
 .text          0x0000000008000410        0x4 c:/st/stm32cubeide_1.12.1/stm32cubeide/plugins/com.st.stm32cube.ide.mcu.externaltools.gnu-tools-for-stm32.10.3-2021.10.win32_1.0.200.202301161003/tools/bin/../lib/gcc/arm-none-eabi/10.3.1/thumb/v6-m/nofp\libgcc.a(_dvmd_tls.o)
                0x0000000008000410                __aeabi_idiv0
                0x0000000008000410                __aeabi_ldiv0
 .text          0x0000000008000414       0x40 c:/st/stm32cubeide_1.12.1/stm32cubeide/plugins/com.st.stm32cube.ide.mcu.externaltools.gnu-tools-for-stm32.10.3-2021.10.win32_1.0.200.202301161003/tools/bin/../lib/gcc/arm-none-eabi/10.3.1/thumb/v6-m/nofp\libgcc.a(_aeabi_uldivmod.o)
                0x0000000008000414                __aeabi_uldivmod
 .text          0x0000000008000454      0x198 c:/st/stm32cubeide_1.12.1/stm32cubeide/plugins/com.st.stm32cube.ide.mcu.externaltools.gnu-tools-for-stm32.10.3-2021.10.win32_1.0.200.202301161003/tools/bin/../lib/gcc/arm-none-eabi/10.3.1/thumb/v6-m/nofp\libgcc.a(_udivmoddi4.o)
                0x0000000008000454                __udivmoddi4
 .text          0x00000000080005ec       0x18 c:/st/stm32cubeide_1.12.1/stm32cubeide/plugins/com.st.stm32cube.ide.mcu.externaltools.gnu-tools-for-stm32.10.3-2021.10.win32_1.0.200.202301161003/tools/bin/../lib/gcc/arm-none-eabi/10.3.1/thumb/v6-m/nofp\libgcc.a(_clzdi2.o)
                0x00000000080005ec                __clzdi2
 .text          0x0000000008000604       0x3c c:/st/stm32cubeide_1.12.1/stm32cubeide/plugins/com.st.stm32cube.ide.mcu.externaltools.gnu-tools-for-stm32.10.3-2021.10.win32_1.0.200.202301161003/tools/bin/../lib/gcc/arm-none-eabi/10.3.1/thumb/v6-m/nofp\libgcc.a(_clzsi2.o)
                0x0000000008000604                __clzsi2
 *(.text*)
 .text.Init_CanA
                0x0000000008000640       0x98 ./Core/Src/basicApp.o
                0x0000000008000640                Init_CanA
 .text.Init_CanB
                0x00000000080006d8       0xe0 ./Core/Src/basicApp.o
                0x00000000080006d8                Init_CanB
 .text.Init_CanC
                0x00000000080007b8       0x8c ./Core/Src/basicApp.o
                0x00000000080007b8                Init_CanC
 .text.Init_Basic_App
                0x0000000008000844       0x48 ./Core/Src/basicApp.o
                0x0000000008000844                Init_Basic_App
 .text.canMsgRingBufferInit
                0x000000000800088c       0x30 ./Core/Src/canMsgRingBuf.o
                0x000000000800088c                canMsgRingBufferInit
 .text.canMsgRingBufferPush
                0x00000000080008bc       0x94 ./Core/Src/canMsgRingBuf.o
                0x00000000080008bc                canMsgRingBufferPush
 .text.canMsgRingBufferPop
                0x0000000008000950       0x6c ./Core/Src/canMsgRingBuf.o
                0x0000000008000950                canMsgRingBufferPop
 .text.dbgPrintf
                0x00000000080009bc       0x54 ./Core/Src/debug.o
                0x00000000080009bc                dbgPrintf
 .text.dbgPrint
                0x0000000008000a10       0x2c ./Core/Src/debug.o
                0x0000000008000a10                dbgPrint
 .text.dbgDumpHex
                0x0000000008000a3c       0x4c ./Core/Src/debug.o
                0x0000000008000a3c                dbgDumpHex
 .text.main     0x0000000008000a88      0x368 ./Core/Src/main.o
                0x0000000008000a88                main
 .text.SystemClock_Config
                0x0000000008000df0       0xb0 ./Core/Src/main.o
                0x0000000008000df0                SystemClock_Config
 .text.MX_FDCAN1_Init
                0x0000000008000ea0       0x90 ./Core/Src/main.o
 .text.MX_FDCAN2_Init
                0x0000000008000f30       0x90 ./Core/Src/main.o
 .text.MX_SPI1_Init
                0x0000000008000fc0       0x7c ./Core/Src/main.o
 .text.MX_USART1_UART_Init
                0x000000000800103c       0x9c ./Core/Src/main.o
 .text.MX_GPIO_Init
                0x00000000080010d8      0x1d0 ./Core/Src/main.o
 .text.heartBeat
                0x00000000080012a8       0x40 ./Core/Src/main.o
                0x00000000080012a8                heartBeat
 .text.isPressedBtn
                0x00000000080012e8       0x7c ./Core/Src/main.o
                0x00000000080012e8                isPressedBtn
 .text.HAL_FDCAN_RxFifo0Callback
                0x0000000008001364       0x94 ./Core/Src/main.o
                0x0000000008001364                HAL_FDCAN_RxFifo0Callback
 .text.HAL_FDCAN_RxFifo1Callback
                0x00000000080013f8       0xd4 ./Core/Src/main.o
                0x00000000080013f8                HAL_FDCAN_RxFifo1Callback
 .text.HAL_GPIO_EXTI_Falling_Callback
                0x00000000080014cc       0x20 ./Core/Src/main.o
                0x00000000080014cc                HAL_GPIO_EXTI_Falling_Callback
 .text.Error_Handler
                0x00000000080014ec        0xa ./Core/Src/main.o
                0x00000000080014ec                Error_Handler
 .text.txCtrlReg
                0x00000000080014f6       0x36 ./Core/Src/mcp2515_drv.o
                0x00000000080014f6                txCtrlReg
 .text.txSidhToRTS
                0x000000000800152c       0x36 ./Core/Src/mcp2515_drv.o
                0x000000000800152c                txSidhToRTS
 .text.txSidhToTxLoad
                0x0000000008001562       0x36 ./Core/Src/mcp2515_drv.o
                0x0000000008001562                txSidhToTxLoad
 .text.txIfFlag
                0x0000000008001598       0x36 ./Core/Src/mcp2515_drv.o
                0x0000000008001598                txIfFlag
 .text.txStatusPendingFlag
                0x00000000080015ce       0x36 ./Core/Src/mcp2515_drv.o
                0x00000000080015ce                txStatusPendingFlag
 .text.mcp2515_reset
                0x0000000008001604       0x2a ./Core/Src/mcp2515_drv.o
                0x0000000008001604                mcp2515_reset
 .text.mcp2515_readRegister
                0x000000000800162e       0x48 ./Core/Src/mcp2515_drv.o
                0x000000000800162e                mcp2515_readRegister
 .text.mcp2515_setRegister
                0x0000000008001676       0x4c ./Core/Src/mcp2515_drv.o
                0x0000000008001676                mcp2515_setRegister
 .text.mcp2515_modifyRegister
                0x00000000080016c2       0x60 ./Core/Src/mcp2515_drv.o
                0x00000000080016c2                mcp2515_modifyRegister
 .text.mcp2515_readStatus
                0x0000000008001722       0x36 ./Core/Src/mcp2515_drv.o
                0x0000000008001722                mcp2515_readStatus
 .text.setMode  0x0000000008001758       0x36 ./Core/Src/mcp2515_drv.o
                0x0000000008001758                setMode
 .text.getMode  0x000000000800178e       0x26 ./Core/Src/mcp2515_drv.o
                0x000000000800178e                getMode
 .text.mcp2515_setCANCTRL_Mode
                0x00000000080017b4       0xa8 ./Core/Src/mcp2515_drv.o
                0x00000000080017b4                mcp2515_setCANCTRL_Mode
 .text.mcp2515_requestNewMode
                0x000000000800185c       0x62 ./Core/Src/mcp2515_drv.o
                0x000000000800185c                mcp2515_requestNewMode
 *fill*         0x00000000080018be        0x2 
 .text.mcp2515_configRate
                0x00000000080018c0      0x5f4 ./Core/Src/mcp2515_drv.o
                0x00000000080018c0                mcp2515_configRate
 .text.mcp2515_initCANBuffers
                0x0000000008001eb4       0xae ./Core/Src/mcp2515_drv.o
                0x0000000008001eb4                mcp2515_initCANBuffers
 .text.mcp2515_init
                0x0000000008001f62       0xe4 ./Core/Src/mcp2515_drv.o
                0x0000000008001f62                mcp2515_init
 .text.mcp2515_id_to_buf
                0x0000000008002046       0xd2 ./Core/Src/mcp2515_drv.o
                0x0000000008002046                mcp2515_id_to_buf
 .text.mcp2515_write_canMsg
                0x0000000008002118      0x126 ./Core/Src/mcp2515_drv.o
                0x0000000008002118                mcp2515_write_canMsg
 .text.mcp2515_read_canMsg
                0x000000000800223e      0x140 ./Core/Src/mcp2515_drv.o
                0x000000000800223e                mcp2515_read_canMsg
 .text.mcp2515_start_transmit
                0x000000000800237e       0x36 ./Core/Src/mcp2515_drv.o
                0x000000000800237e                mcp2515_start_transmit
 .text.mcp2515_getNextFreeTXBuf
                0x00000000080023b4       0xb4 ./Core/Src/mcp2515_drv.o
                0x00000000080023b4                mcp2515_getNextFreeTXBuf
 .text.begin    0x0000000008002468       0x38 ./Core/Src/mcp2515_drv.o
                0x0000000008002468                begin
 .text.sendMsgBuffer
                0x00000000080024a0       0x42 ./Core/Src/mcp2515_drv.o
                0x00000000080024a0                sendMsgBuffer
 .text.sendMsg  0x00000000080024e2      0x132 ./Core/Src/mcp2515_drv.o
                0x00000000080024e2                sendMsg
 .text.readMsgBufID
                0x0000000008002614       0xb2 ./Core/Src/mcp2515_drv.o
                0x0000000008002614                readMsgBufID
 .text.readMsgBuf
                0x00000000080026c6       0x48 ./Core/Src/mcp2515_drv.o
                0x00000000080026c6                readMsgBuf
 .text.readRxTxStatus
                0x000000000800270e       0x74 ./Core/Src/mcp2515_drv.o
                0x000000000800270e                readRxTxStatus
 .text.checkReceive
                0x0000000008002782       0x30 ./Core/Src/mcp2515_drv.o
                0x0000000008002782                checkReceive
 *fill*         0x00000000080027b2        0x2 
 .text.ChipUnSelectFpC
                0x00000000080027b4       0x1c ./Core/Src/mcp2515_hardware.o
                0x00000000080027b4                ChipUnSelectFpC
 .text.ChipSelectFpC
                0x00000000080027d0       0x1c ./Core/Src/mcp2515_hardware.o
                0x00000000080027d0                ChipSelectFpC
 .text.SPIReadWriteFpC
                0x00000000080027ec       0x24 ./Core/Src/mcp2515_hardware.o
                0x00000000080027ec                SPIReadWriteFpC
 .text.SPIWriteFpC
                0x0000000008002810       0x24 ./Core/Src/mcp2515_hardware.o
                0x0000000008002810                SPIWriteFpC
 .text.SPIReadFpC
                0x0000000008002834       0x28 ./Core/Src/mcp2515_hardware.o
                0x0000000008002834                SPIReadFpC
 .text.delayMicroseconds
                0x000000000800285c       0x32 ./Core/Src/mcp2515_hardware.o
                0x000000000800285c                delayMicroseconds
 *fill*         0x000000000800288e        0x2 
 .text.HAL_MspInit
                0x0000000008002890       0x48 ./Core/Src/stm32g0xx_hal_msp.o
                0x0000000008002890                HAL_MspInit
 .text.HAL_FDCAN_MspInit
                0x00000000080028d8      0x1c4 ./Core/Src/stm32g0xx_hal_msp.o
                0x00000000080028d8                HAL_FDCAN_MspInit
 .text.HAL_SPI_MspInit
                0x0000000008002a9c       0x94 ./Core/Src/stm32g0xx_hal_msp.o
                0x0000000008002a9c                HAL_SPI_MspInit
 .text.HAL_UART_MspInit
                0x0000000008002b30       0xc4 ./Core/Src/stm32g0xx_hal_msp.o
                0x0000000008002b30                HAL_UART_MspInit
 .text.NMI_Handler
                0x0000000008002bf4        0x6 ./Core/Src/stm32g0xx_it.o
                0x0000000008002bf4                NMI_Handler
 .text.HardFault_Handler
                0x0000000008002bfa        0x6 ./Core/Src/stm32g0xx_it.o
                0x0000000008002bfa                HardFault_Handler
 .text.SVC_Handler
                0x0000000008002c00        0xa ./Core/Src/stm32g0xx_it.o
                0x0000000008002c00                SVC_Handler
 .text.PendSV_Handler
                0x0000000008002c0a        0xa ./Core/Src/stm32g0xx_it.o
                0x0000000008002c0a                PendSV_Handler
 .text.SysTick_Handler
                0x0000000008002c14        0xe ./Core/Src/stm32g0xx_it.o
                0x0000000008002c14                SysTick_Handler
 .text.EXTI4_15_IRQHandler
                0x0000000008002c22       0x14 ./Core/Src/stm32g0xx_it.o
                0x0000000008002c22                EXTI4_15_IRQHandler
 *fill*         0x0000000008002c36        0x2 
 .text.TIM16_FDCAN_IT0_IRQHandler
                0x0000000008002c38       0x24 ./Core/Src/stm32g0xx_it.o
                0x0000000008002c38                TIM16_FDCAN_IT0_IRQHandler
 .text.TIM17_FDCAN_IT1_IRQHandler
                0x0000000008002c5c       0x24 ./Core/Src/stm32g0xx_it.o
                0x0000000008002c5c                TIM17_FDCAN_IT1_IRQHandler
 .text._sbrk    0x0000000008002c80       0x6c ./Core/Src/sysmem.o
                0x0000000008002c80                _sbrk
 .text.SystemInit
                0x0000000008002cec        0xa ./Core/Src/system_stm32g0xx.o
                0x0000000008002cec                SystemInit
 *fill*         0x0000000008002cf6        0x2 
 .text.Reset_Handler
                0x0000000008002cf8       0x50 ./Core/Startup/startup_stm32g0b1cbtx.o
                0x0000000008002cf8                Reset_Handler
 .text.Default_Handler
                0x0000000008002d48        0x2 ./Core/Startup/startup_stm32g0b1cbtx.o
                0x0000000008002d48                I2C2_3_IRQHandler
                0x0000000008002d48                USART3_4_5_6_LPUART1_IRQHandler
                0x0000000008002d48                TIM1_CC_IRQHandler
                0x0000000008002d48                ADC1_COMP_IRQHandler
                0x0000000008002d48                I2C1_IRQHandler
                0x0000000008002d48                TIM7_LPTIM2_IRQHandler
                0x0000000008002d48                DMA1_Ch4_7_DMA2_Ch1_5_DMAMUX1_OVR_IRQHandler
                0x0000000008002d48                RCC_CRS_IRQHandler
                0x0000000008002d48                RTC_TAMP_IRQHandler
                0x0000000008002d48                SPI1_IRQHandler
                0x0000000008002d48                USB_UCPD1_2_IRQHandler
                0x0000000008002d48                EXTI2_3_IRQHandler
                0x0000000008002d48                USART2_LPUART2_IRQHandler
                0x0000000008002d48                PVD_VDDIO2_IRQHandler
                0x0000000008002d48                DMA1_Channel1_IRQHandler
                0x0000000008002d48                Default_Handler
                0x0000000008002d48                CEC_IRQHandler
                0x0000000008002d48                TIM14_IRQHandler
                0x0000000008002d48                TIM15_IRQHandler
                0x0000000008002d48                TIM3_TIM4_IRQHandler
                0x0000000008002d48                EXTI0_1_IRQHandler
                0x0000000008002d48                SPI2_3_IRQHandler
                0x0000000008002d48                TIM6_DAC_LPTIM1_IRQHandler
                0x0000000008002d48                WWDG_IRQHandler
                0x0000000008002d48                TIM2_IRQHandler
                0x0000000008002d48                DMA1_Channel2_3_IRQHandler
                0x0000000008002d48                FLASH_IRQHandler
                0x0000000008002d48                USART1_IRQHandler
                0x0000000008002d48                TIM1_BRK_UP_TRG_COM_IRQHandler
 *fill*         0x0000000008002d4a        0x2 
 .text.HAL_Init
                0x0000000008002d4c       0x40 ./Drivers/STM32G0xx_HAL_Driver/Src/stm32g0xx_hal.o
                0x0000000008002d4c                HAL_Init
 .text.HAL_InitTick
                0x0000000008002d8c       0x94 ./Drivers/STM32G0xx_HAL_Driver/Src/stm32g0xx_hal.o
                0x0000000008002d8c                HAL_InitTick
 .text.HAL_IncTick
                0x0000000008002e20       0x24 ./Drivers/STM32G0xx_HAL_Driver/Src/stm32g0xx_hal.o
                0x0000000008002e20                HAL_IncTick
 .text.HAL_GetTick
                0x0000000008002e44       0x14 ./Drivers/STM32G0xx_HAL_Driver/Src/stm32g0xx_hal.o
                0x0000000008002e44                HAL_GetTick
 .text.HAL_Delay
                0x0000000008002e58       0x48 ./Drivers/STM32G0xx_HAL_Driver/Src/stm32g0xx_hal.o
                0x0000000008002e58                HAL_Delay
 .text.__NVIC_EnableIRQ
                0x0000000008002ea0       0x34 ./Drivers/STM32G0xx_HAL_Driver/Src/stm32g0xx_hal_cortex.o
 .text.__NVIC_SetPriority
                0x0000000008002ed4       0xdc ./Drivers/STM32G0xx_HAL_Driver/Src/stm32g0xx_hal_cortex.o
 .text.SysTick_Config
                0x0000000008002fb0       0x48 ./Drivers/STM32G0xx_HAL_Driver/Src/stm32g0xx_hal_cortex.o
 .text.HAL_NVIC_SetPriority
                0x0000000008002ff8       0x2a ./Drivers/STM32G0xx_HAL_Driver/Src/stm32g0xx_hal_cortex.o
                0x0000000008002ff8                HAL_NVIC_SetPriority
 .text.HAL_NVIC_EnableIRQ
                0x0000000008003022       0x20 ./Drivers/STM32G0xx_HAL_Driver/Src/stm32g0xx_hal_cortex.o
                0x0000000008003022                HAL_NVIC_EnableIRQ
 .text.HAL_SYSTICK_Config
                0x0000000008003042       0x1a ./Drivers/STM32G0xx_HAL_Driver/Src/stm32g0xx_hal_cortex.o
                0x0000000008003042                HAL_SYSTICK_Config
 .text.HAL_FDCAN_Init
                0x000000000800305c      0x2cc ./Drivers/STM32G0xx_HAL_Driver/Src/stm32g0xx_hal_fdcan.o
                0x000000000800305c                HAL_FDCAN_Init
 .text.HAL_FDCAN_ConfigGlobalFilter
                0x0000000008003328       0x60 ./Drivers/STM32G0xx_HAL_Driver/Src/stm32g0xx_hal_fdcan.o
                0x0000000008003328                HAL_FDCAN_ConfigGlobalFilter
 .text.HAL_FDCAN_Start
                0x0000000008003388       0x4c ./Drivers/STM32G0xx_HAL_Driver/Src/stm32g0xx_hal_fdcan.o
                0x0000000008003388                HAL_FDCAN_Start
 .text.HAL_FDCAN_AddMessageToTxFifoQ
                0x00000000080033d4       0x8a ./Drivers/STM32G0xx_HAL_Driver/Src/stm32g0xx_hal_fdcan.o
                0x00000000080033d4                HAL_FDCAN_AddMessageToTxFifoQ
 *fill*         0x000000000800345e        0x2 
 .text.HAL_FDCAN_GetRxMessage
                0x0000000008003460      0x1c4 ./Drivers/STM32G0xx_HAL_Driver/Src/stm32g0xx_hal_fdcan.o
                0x0000000008003460                HAL_FDCAN_GetRxMessage
 .text.HAL_FDCAN_ConfigInterruptLines
                0x0000000008003624       0x6e ./Drivers/STM32G0xx_HAL_Driver/Src/stm32g0xx_hal_fdcan.o
                0x0000000008003624                HAL_FDCAN_ConfigInterruptLines
 .text.HAL_FDCAN_ActivateNotification
                0x0000000008003692      0x1ac ./Drivers/STM32G0xx_HAL_Driver/Src/stm32g0xx_hal_fdcan.o
                0x0000000008003692                HAL_FDCAN_ActivateNotification
 .text.HAL_FDCAN_IRQHandler
                0x000000000800383e      0x28e ./Drivers/STM32G0xx_HAL_Driver/Src/stm32g0xx_hal_fdcan.o
                0x000000000800383e                HAL_FDCAN_IRQHandler
 .text.HAL_FDCAN_TxEventFifoCallback
                0x0000000008003acc       0x12 ./Drivers/STM32G0xx_HAL_Driver/Src/stm32g0xx_hal_fdcan.o
                0x0000000008003acc                HAL_FDCAN_TxEventFifoCallback
 .text.HAL_FDCAN_TxFifoEmptyCallback
                0x0000000008003ade       0x10 ./Drivers/STM32G0xx_HAL_Driver/Src/stm32g0xx_hal_fdcan.o
                0x0000000008003ade                HAL_FDCAN_TxFifoEmptyCallback
 .text.HAL_FDCAN_TxBufferCompleteCallback
                0x0000000008003aee       0x12 ./Drivers/STM32G0xx_HAL_Driver/Src/stm32g0xx_hal_fdcan.o
                0x0000000008003aee                HAL_FDCAN_TxBufferCompleteCallback
 .text.HAL_FDCAN_TxBufferAbortCallback
                0x0000000008003b00       0x12 ./Drivers/STM32G0xx_HAL_Driver/Src/stm32g0xx_hal_fdcan.o
                0x0000000008003b00                HAL_FDCAN_TxBufferAbortCallback
 .text.HAL_FDCAN_TimestampWraparoundCallback
                0x0000000008003b12       0x10 ./Drivers/STM32G0xx_HAL_Driver/Src/stm32g0xx_hal_fdcan.o
                0x0000000008003b12                HAL_FDCAN_TimestampWraparoundCallback
 .text.HAL_FDCAN_TimeoutOccurredCallback
                0x0000000008003b22       0x10 ./Drivers/STM32G0xx_HAL_Driver/Src/stm32g0xx_hal_fdcan.o
                0x0000000008003b22                HAL_FDCAN_TimeoutOccurredCallback
 .text.HAL_FDCAN_HighPriorityMessageCallback
                0x0000000008003b32       0x10 ./Drivers/STM32G0xx_HAL_Driver/Src/stm32g0xx_hal_fdcan.o
                0x0000000008003b32                HAL_FDCAN_HighPriorityMessageCallback
 .text.HAL_FDCAN_ErrorCallback
                0x0000000008003b42       0x10 ./Drivers/STM32G0xx_HAL_Driver/Src/stm32g0xx_hal_fdcan.o
                0x0000000008003b42                HAL_FDCAN_ErrorCallback
 .text.HAL_FDCAN_ErrorStatusCallback
                0x0000000008003b52       0x12 ./Drivers/STM32G0xx_HAL_Driver/Src/stm32g0xx_hal_fdcan.o
                0x0000000008003b52                HAL_FDCAN_ErrorStatusCallback
 .text.FDCAN_CalcultateRamBlockAddresses
                0x0000000008003b64       0xd8 ./Drivers/STM32G0xx_HAL_Driver/Src/stm32g0xx_hal_fdcan.o
 .text.FDCAN_CopyMessageToRAM
                0x0000000008003c3c       0xf8 ./Drivers/STM32G0xx_HAL_Driver/Src/stm32g0xx_hal_fdcan.o
 .text.HAL_GPIO_Init
                0x0000000008003d34      0x2d8 ./Drivers/STM32G0xx_HAL_Driver/Src/stm32g0xx_hal_gpio.o
                0x0000000008003d34                HAL_GPIO_Init
 .text.HAL_GPIO_ReadPin
                0x000000000800400c       0x3a ./Drivers/STM32G0xx_HAL_Driver/Src/stm32g0xx_hal_gpio.o
                0x000000000800400c                HAL_GPIO_ReadPin
 .text.HAL_GPIO_WritePin
                0x0000000008004046       0x3a ./Drivers/STM32G0xx_HAL_Driver/Src/stm32g0xx_hal_gpio.o
                0x0000000008004046                HAL_GPIO_WritePin
 .text.HAL_GPIO_TogglePin
                0x0000000008004080       0x36 ./Drivers/STM32G0xx_HAL_Driver/Src/stm32g0xx_hal_gpio.o
                0x0000000008004080                HAL_GPIO_TogglePin
 *fill*         0x00000000080040b6        0x2 
 .text.HAL_GPIO_EXTI_IRQHandler
                0x00000000080040b8       0x54 ./Drivers/STM32G0xx_HAL_Driver/Src/stm32g0xx_hal_gpio.o
                0x00000000080040b8                HAL_GPIO_EXTI_IRQHandler
 .text.HAL_GPIO_EXTI_Rising_Callback
                0x000000000800410c       0x14 ./Drivers/STM32G0xx_HAL_Driver/Src/stm32g0xx_hal_gpio.o
                0x000000000800410c                HAL_GPIO_EXTI_Rising_Callback
 .text.HAL_PWREx_ControlVoltageScaling
                0x0000000008004120       0x80 ./Drivers/STM32G0xx_HAL_Driver/Src/stm32g0xx_hal_pwr_ex.o
                0x0000000008004120                HAL_PWREx_ControlVoltageScaling
 .text.LL_RCC_GetAPB1Prescaler
                0x00000000080041a0       0x18 ./Drivers/STM32G0xx_HAL_Driver/Src/stm32g0xx_hal_rcc.o
 .text.HAL_RCC_OscConfig
                0x00000000080041b8      0x6c0 ./Drivers/STM32G0xx_HAL_Driver/Src/stm32g0xx_hal_rcc.o
                0x00000000080041b8                HAL_RCC_OscConfig
 .text.HAL_RCC_ClockConfig
                0x0000000008004878      0x210 ./Drivers/STM32G0xx_HAL_Driver/Src/stm32g0xx_hal_rcc.o
                0x0000000008004878                HAL_RCC_ClockConfig
 .text.HAL_RCC_GetSysClockFreq
                0x0000000008004a88      0x104 ./Drivers/STM32G0xx_HAL_Driver/Src/stm32g0xx_hal_rcc.o
                0x0000000008004a88                HAL_RCC_GetSysClockFreq
 .text.HAL_RCC_GetHCLKFreq
                0x0000000008004b8c       0x14 ./Drivers/STM32G0xx_HAL_Driver/Src/stm32g0xx_hal_rcc.o
                0x0000000008004b8c                HAL_RCC_GetHCLKFreq
 .text.HAL_RCC_GetPCLK1Freq
                0x0000000008004ba0       0x2c ./Drivers/STM32G0xx_HAL_Driver/Src/stm32g0xx_hal_rcc.o
                0x0000000008004ba0                HAL_RCC_GetPCLK1Freq
 .text.HAL_RCCEx_PeriphCLKConfig
                0x0000000008004bcc      0x478 ./Drivers/STM32G0xx_HAL_Driver/Src/stm32g0xx_hal_rcc_ex.o
                0x0000000008004bcc                HAL_RCCEx_PeriphCLKConfig
 .text.HAL_SPI_Init
                0x0000000008005044      0x170 ./Drivers/STM32G0xx_HAL_Driver/Src/stm32g0xx_hal_spi.o
                0x0000000008005044                HAL_SPI_Init
 .text.HAL_SPI_Transmit
                0x00000000080051b4      0x2b0 ./Drivers/STM32G0xx_HAL_Driver/Src/stm32g0xx_hal_spi.o
                0x00000000080051b4                HAL_SPI_Transmit
 .text.HAL_SPI_Receive
                0x0000000008005464      0x298 ./Drivers/STM32G0xx_HAL_Driver/Src/stm32g0xx_hal_spi.o
                0x0000000008005464                HAL_SPI_Receive
 .text.HAL_SPI_TransmitReceive
                0x00000000080056fc      0x3a4 ./Drivers/STM32G0xx_HAL_Driver/Src/stm32g0xx_hal_spi.o
                0x00000000080056fc                HAL_SPI_TransmitReceive
 .text.SPI_WaitFlagStateUntilTimeout
                0x0000000008005aa0      0x11c ./Drivers/STM32G0xx_HAL_Driver/Src/stm32g0xx_hal_spi.o
 .text.SPI_WaitFifoStateUntilTimeout
                0x0000000008005bbc      0x144 ./Drivers/STM32G0xx_HAL_Driver/Src/stm32g0xx_hal_spi.o
 .text.SPI_EndRxTransaction
                0x0000000008005d00       0xbc ./Drivers/STM32G0xx_HAL_Driver/Src/stm32g0xx_hal_spi.o
 .text.SPI_EndRxTxTransaction
                0x0000000008005dbc       0x8c ./Drivers/STM32G0xx_HAL_Driver/Src/stm32g0xx_hal_spi.o
 .text.HAL_UART_Init
                0x0000000008005e48       0xac ./Drivers/STM32G0xx_HAL_Driver/Src/stm32g0xx_hal_uart.o
                0x0000000008005e48                HAL_UART_Init
 .text.HAL_UART_Transmit
                0x0000000008005ef4      0x138 ./Drivers/STM32G0xx_HAL_Driver/Src/stm32g0xx_hal_uart.o
                0x0000000008005ef4                HAL_UART_Transmit
 .text.UART_SetConfig
                0x000000000800602c      0x6ac ./Drivers/STM32G0xx_HAL_Driver/Src/stm32g0xx_hal_uart.o
                0x000000000800602c                UART_SetConfig
 .text.UART_AdvFeatureConfig
                0x00000000080066d8      0x168 ./Drivers/STM32G0xx_HAL_Driver/Src/stm32g0xx_hal_uart.o
                0x00000000080066d8                UART_AdvFeatureConfig
 .text.UART_CheckIdleState
                0x0000000008006840       0x9c ./Drivers/STM32G0xx_HAL_Driver/Src/stm32g0xx_hal_uart.o
                0x0000000008006840                UART_CheckIdleState
 .text.UART_WaitOnFlagUntilTimeout
                0x00000000080068dc      0x190 ./Drivers/STM32G0xx_HAL_Driver/Src/stm32g0xx_hal_uart.o
                0x00000000080068dc                UART_WaitOnFlagUntilTimeout
 .text.HAL_UARTEx_DisableFifoMode
                0x0000000008006a6c       0x74 ./Drivers/STM32G0xx_HAL_Driver/Src/stm32g0xx_hal_uart_ex.o
                0x0000000008006a6c                HAL_UARTEx_DisableFifoMode
 .text.HAL_UARTEx_SetTxFifoThreshold
                0x0000000008006ae0       0x7e ./Drivers/STM32G0xx_HAL_Driver/Src/stm32g0xx_hal_uart_ex.o
                0x0000000008006ae0                HAL_UARTEx_SetTxFifoThreshold
 *fill*         0x0000000008006b5e        0x2 
 .text.HAL_UARTEx_SetRxFifoThreshold
                0x0000000008006b60       0x84 ./Drivers/STM32G0xx_HAL_Driver/Src/stm32g0xx_hal_uart_ex.o
                0x0000000008006b60                HAL_UARTEx_SetRxFifoThreshold
 .text.UARTEx_SetNbDataToProcess
                0x0000000008006be4       0xbc ./Drivers/STM32G0xx_HAL_Driver/Src/stm32g0xx_hal_uart_ex.o
 .text.__errno  0x0000000008006ca0        0xc c:/st/stm32cubeide_1.12.1/stm32cubeide/plugins/com.st.stm32cube.ide.mcu.externaltools.gnu-tools-for-stm32.10.3-2021.10.win32_1.0.200.202301161003/tools/bin/../lib/gcc/arm-none-eabi/10.3.1/../../../../arm-none-eabi/lib/thumb/v6-m/nofp\libc_nano.a(lib_a-errno.o)
                0x0000000008006ca0                __errno
 .text.__libc_init_array
                0x0000000008006cac       0x48 c:/st/stm32cubeide_1.12.1/stm32cubeide/plugins/com.st.stm32cube.ide.mcu.externaltools.gnu-tools-for-stm32.10.3-2021.10.win32_1.0.200.202301161003/tools/bin/../lib/gcc/arm-none-eabi/10.3.1/../../../../arm-none-eabi/lib/thumb/v6-m/nofp\libc_nano.a(lib_a-init.o)
                0x0000000008006cac                __libc_init_array
 .text.memset   0x0000000008006cf4       0x10 c:/st/stm32cubeide_1.12.1/stm32cubeide/plugins/com.st.stm32cube.ide.mcu.externaltools.gnu-tools-for-stm32.10.3-2021.10.win32_1.0.200.202301161003/tools/bin/../lib/gcc/arm-none-eabi/10.3.1/../../../../arm-none-eabi/lib/thumb/v6-m/nofp\libc_nano.a(lib_a-memset.o)
                0x0000000008006cf4                memset
 .text._vsnprintf_r
                0x0000000008006d04       0x56 c:/st/stm32cubeide_1.12.1/stm32cubeide/plugins/com.st.stm32cube.ide.mcu.externaltools.gnu-tools-for-stm32.10.3-2021.10.win32_1.0.200.202301161003/tools/bin/../lib/gcc/arm-none-eabi/10.3.1/../../../../arm-none-eabi/lib/thumb/v6-m/nofp\libc_nano.a(lib_a-vsnprintf.o)
                0x0000000008006d04                _vsniprintf_r
                0x0000000008006d04                _vsnprintf_r
 *fill*         0x0000000008006d5a        0x2 
 .text.vsnprintf
                0x0000000008006d5c       0x18 c:/st/stm32cubeide_1.12.1/stm32cubeide/plugins/com.st.stm32cube.ide.mcu.externaltools.gnu-tools-for-stm32.10.3-2021.10.win32_1.0.200.202301161003/tools/bin/../lib/gcc/arm-none-eabi/10.3.1/../../../../arm-none-eabi/lib/thumb/v6-m/nofp\libc_nano.a(lib_a-vsnprintf.o)
                0x0000000008006d5c                vsniprintf
                0x0000000008006d5c                vsnprintf
 .text.__ssputs_r
                0x0000000008006d74       0xc4 c:/st/stm32cubeide_1.12.1/stm32cubeide/plugins/com.st.stm32cube.ide.mcu.externaltools.gnu-tools-for-stm32.10.3-2021.10.win32_1.0.200.202301161003/tools/bin/../lib/gcc/arm-none-eabi/10.3.1/../../../../arm-none-eabi/lib/thumb/v6-m/nofp\libc_nano.a(lib_a-nano-svfprintf.o)
                0x0000000008006d74                __ssputs_r
 .text._svfprintf_r
                0x0000000008006e38      0x200 c:/st/stm32cubeide_1.12.1/stm32cubeide/plugins/com.st.stm32cube.ide.mcu.externaltools.gnu-tools-for-stm32.10.3-2021.10.win32_1.0.200.202301161003/tools/bin/../lib/gcc/arm-none-eabi/10.3.1/../../../../arm-none-eabi/lib/thumb/v6-m/nofp\libc_nano.a(lib_a-nano-svfprintf.o)
                0x0000000008006e38                _svfiprintf_r
                0x0000000008006e38                _svfprintf_r
 .text._printf_common
                0x0000000008007038       0xde c:/st/stm32cubeide_1.12.1/stm32cubeide/plugins/com.st.stm32cube.ide.mcu.externaltools.gnu-tools-for-stm32.10.3-2021.10.win32_1.0.200.202301161003/tools/bin/../lib/gcc/arm-none-eabi/10.3.1/../../../../arm-none-eabi/lib/thumb/v6-m/nofp\libc_nano.a(lib_a-nano-vfprintf_i.o)
                0x0000000008007038                _printf_common
 *fill*         0x0000000008007116        0x2 
 .text._printf_i
                0x0000000008007118      0x224 c:/st/stm32cubeide_1.12.1/stm32cubeide/plugins/com.st.stm32cube.ide.mcu.externaltools.gnu-tools-for-stm32.10.3-2021.10.win32_1.0.200.202301161003/tools/bin/../lib/gcc/arm-none-eabi/10.3.1/../../../../arm-none-eabi/lib/thumb/v6-m/nofp\libc_nano.a(lib_a-nano-vfprintf_i.o)
                0x0000000008007118                _printf_i
 .text.memchr   0x000000000800733c       0x16 c:/st/stm32cubeide_1.12.1/stm32cubeide/plugins/com.st.stm32cube.ide.mcu.externaltools.gnu-tools-for-stm32.10.3-2021.10.win32_1.0.200.202301161003/tools/bin/../lib/gcc/arm-none-eabi/10.3.1/../../../../arm-none-eabi/lib/thumb/v6-m/nofp\libc_nano.a(lib_a-memchr-stub.o)
                0x000000000800733c                memchr
 .text.memcpy   0x0000000008007352       0x12 c:/st/stm32cubeide_1.12.1/stm32cubeide/plugins/com.st.stm32cube.ide.mcu.externaltools.gnu-tools-for-stm32.10.3-2021.10.win32_1.0.200.202301161003/tools/bin/../lib/gcc/arm-none-eabi/10.3.1/../../../../arm-none-eabi/lib/thumb/v6-m/nofp\libc_nano.a(lib_a-memcpy-stub.o)
                0x0000000008007352                memcpy
 .text.memmove  0x0000000008007364       0x26 c:/st/stm32cubeide_1.12.1/stm32cubeide/plugins/com.st.stm32cube.ide.mcu.externaltools.gnu-tools-for-stm32.10.3-2021.10.win32_1.0.200.202301161003/tools/bin/../lib/gcc/arm-none-eabi/10.3.1/../../../../arm-none-eabi/lib/thumb/v6-m/nofp\libc_nano.a(lib_a-memmove.o)
                0x0000000008007364                memmove
 *fill*         0x000000000800738a        0x2 
 .text._free_r  0x000000000800738c       0x94 c:/st/stm32cubeide_1.12.1/stm32cubeide/plugins/com.st.stm32cube.ide.mcu.externaltools.gnu-tools-for-stm32.10.3-2021.10.win32_1.0.200.202301161003/tools/bin/../lib/gcc/arm-none-eabi/10.3.1/../../../../arm-none-eabi/lib/thumb/v6-m/nofp\libc_nano.a(lib_a-nano-freer.o)
                0x000000000800738c                _free_r
 .text.sbrk_aligned
                0x0000000008007420       0x44 c:/st/stm32cubeide_1.12.1/stm32cubeide/plugins/com.st.stm32cube.ide.mcu.externaltools.gnu-tools-for-stm32.10.3-2021.10.win32_1.0.200.202301161003/tools/bin/../lib/gcc/arm-none-eabi/10.3.1/../../../../arm-none-eabi/lib/thumb/v6-m/nofp\libc_nano.a(lib_a-nano-mallocr.o)
 .text._malloc_r
                0x0000000008007464       0xec c:/st/stm32cubeide_1.12.1/stm32cubeide/plugins/com.st.stm32cube.ide.mcu.externaltools.gnu-tools-for-stm32.10.3-2021.10.win32_1.0.200.202301161003/tools/bin/../lib/gcc/arm-none-eabi/10.3.1/../../../../arm-none-eabi/lib/thumb/v6-m/nofp\libc_nano.a(lib_a-nano-mallocr.o)
                0x0000000008007464                _malloc_r
 .text._realloc_r
                0x0000000008007550       0x5e c:/st/stm32cubeide_1.12.1/stm32cubeide/plugins/com.st.stm32cube.ide.mcu.externaltools.gnu-tools-for-stm32.10.3-2021.10.win32_1.0.200.202301161003/tools/bin/../lib/gcc/arm-none-eabi/10.3.1/../../../../arm-none-eabi/lib/thumb/v6-m/nofp\libc_nano.a(lib_a-nano-reallocr.o)
                0x0000000008007550                _realloc_r
 *fill*         0x00000000080075ae        0x2 
 .text._sbrk_r  0x00000000080075b0       0x24 c:/st/stm32cubeide_1.12.1/stm32cubeide/plugins/com.st.stm32cube.ide.mcu.externaltools.gnu-tools-for-stm32.10.3-2021.10.win32_1.0.200.202301161003/tools/bin/../lib/gcc/arm-none-eabi/10.3.1/../../../../arm-none-eabi/lib/thumb/v6-m/nofp\libc_nano.a(lib_a-sbrkr.o)
                0x00000000080075b0                _sbrk_r
 .text.__malloc_lock
                0x00000000080075d4       0x10 c:/st/stm32cubeide_1.12.1/stm32cubeide/plugins/com.st.stm32cube.ide.mcu.externaltools.gnu-tools-for-stm32.10.3-2021.10.win32_1.0.200.202301161003/tools/bin/../lib/gcc/arm-none-eabi/10.3.1/../../../../arm-none-eabi/lib/thumb/v6-m/nofp\libc_nano.a(lib_a-mlock.o)
                0x00000000080075d4                __malloc_lock
 .text.__malloc_unlock
                0x00000000080075e4       0x10 c:/st/stm32cubeide_1.12.1/stm32cubeide/plugins/com.st.stm32cube.ide.mcu.externaltools.gnu-tools-for-stm32.10.3-2021.10.win32_1.0.200.202301161003/tools/bin/../lib/gcc/arm-none-eabi/10.3.1/../../../../arm-none-eabi/lib/thumb/v6-m/nofp\libc_nano.a(lib_a-mlock.o)
                0x00000000080075e4                __malloc_unlock
 .text._malloc_usable_size_r
                0x00000000080075f4       0x10 c:/st/stm32cubeide_1.12.1/stm32cubeide/plugins/com.st.stm32cube.ide.mcu.externaltools.gnu-tools-for-stm32.10.3-2021.10.win32_1.0.200.202301161003/tools/bin/../lib/gcc/arm-none-eabi/10.3.1/../../../../arm-none-eabi/lib/thumb/v6-m/nofp\libc_nano.a(lib_a-nano-msizer.o)
                0x00000000080075f4                _malloc_usable_size_r
 .text.__retarget_lock_acquire_recursive
                0x0000000008007604        0x2 c:/st/stm32cubeide_1.12.1/stm32cubeide/plugins/com.st.stm32cube.ide.mcu.externaltools.gnu-tools-for-stm32.10.3-2021.10.win32_1.0.200.202301161003/tools/bin/../lib/gcc/arm-none-eabi/10.3.1/../../../../arm-none-eabi/lib/thumb/v6-m/nofp\libc_nano.a(lib_a-lock.o)
                0x0000000008007604                __retarget_lock_acquire_recursive
 .text.__retarget_lock_release_recursive
                0x0000000008007606        0x2 c:/st/stm32cubeide_1.12.1/stm32cubeide/plugins/com.st.stm32cube.ide.mcu.externaltools.gnu-tools-for-stm32.10.3-2021.10.win32_1.0.200.202301161003/tools/bin/../lib/gcc/arm-none-eabi/10.3.1/../../../../arm-none-eabi/lib/thumb/v6-m/nofp\libc_nano.a(lib_a-lock.o)
                0x0000000008007606                __retarget_lock_release_recursive
 *(.glue_7)
 .glue_7        0x0000000008007608        0x0 linker stubs
 *(.glue_7t)
 .glue_7t       0x0000000008007608        0x0 linker stubs
 *(.eh_frame)
 .eh_frame      0x0000000008007608        0x0 c:/st/stm32cubeide_1.12.1/stm32cubeide/plugins/com.st.stm32cube.ide.mcu.externaltools.gnu-tools-for-stm32.10.3-2021.10.win32_1.0.200.202301161003/tools/bin/../lib/gcc/arm-none-eabi/10.3.1/thumb/v6-m/nofp/crtbegin.o
 *(.init)
 .init          0x0000000008007608        0x4 c:/st/stm32cubeide_1.12.1/stm32cubeide/plugins/com.st.stm32cube.ide.mcu.externaltools.gnu-tools-for-stm32.10.3-2021.10.win32_1.0.200.202301161003/tools/bin/../lib/gcc/arm-none-eabi/10.3.1/thumb/v6-m/nofp/crti.o
                0x0000000008007608                _init
 .init          0x000000000800760c        0x8 c:/st/stm32cubeide_1.12.1/stm32cubeide/plugins/com.st.stm32cube.ide.mcu.externaltools.gnu-tools-for-stm32.10.3-2021.10.win32_1.0.200.202301161003/tools/bin/../lib/gcc/arm-none-eabi/10.3.1/thumb/v6-m/nofp/crtn.o
 *(.fini)
 .fini          0x0000000008007614        0x4 c:/st/stm32cubeide_1.12.1/stm32cubeide/plugins/com.st.stm32cube.ide.mcu.externaltools.gnu-tools-for-stm32.10.3-2021.10.win32_1.0.200.202301161003/tools/bin/../lib/gcc/arm-none-eabi/10.3.1/thumb/v6-m/nofp/crti.o
                0x0000000008007614                _fini
 .fini          0x0000000008007618        0x8 c:/st/stm32cubeide_1.12.1/stm32cubeide/plugins/com.st.stm32cube.ide.mcu.externaltools.gnu-tools-for-stm32.10.3-2021.10.win32_1.0.200.202301161003/tools/bin/../lib/gcc/arm-none-eabi/10.3.1/thumb/v6-m/nofp/crtn.o
                0x0000000008007620                . = ALIGN (0x4)
                0x0000000008007620                _etext = .

.vfp11_veneer   0x0000000008007620        0x0
 .vfp11_veneer  0x0000000008007620        0x0 linker stubs

.v4_bx          0x0000000008007620        0x0
 .v4_bx         0x0000000008007620        0x0 linker stubs

.iplt           0x0000000008007620        0x0
 .iplt          0x0000000008007620        0x0 c:/st/stm32cubeide_1.12.1/stm32cubeide/plugins/com.st.stm32cube.ide.mcu.externaltools.gnu-tools-for-stm32.10.3-2021.10.win32_1.0.200.202301161003/tools/bin/../lib/gcc/arm-none-eabi/10.3.1/thumb/v6-m/nofp/crtbegin.o

.rodata         0x0000000008007620      0x428
                0x0000000008007620                . = ALIGN (0x4)
 *(.rodata)
 .rodata        0x0000000008007620      0x13c ./Core/Src/basicApp.o
 .rodata        0x000000000800775c        0xa ./Core/Src/debug.o
 *fill*         0x0000000008007766        0x2 
 .rodata        0x0000000008007768      0x12e ./Core/Src/main.o
 *(.rodata*)
 *fill*         0x0000000008007896        0x2 
 .rodata.mcp2515_configRate
                0x0000000008007898       0xe4 ./Core/Src/mcp2515_drv.o
 .rodata.AHBPrescTable
                0x000000000800797c       0x40 ./Core/Src/system_stm32g0xx.o
                0x000000000800797c                AHBPrescTable
 .rodata.APBPrescTable
                0x00000000080079bc       0x20 ./Core/Src/system_stm32g0xx.o
                0x00000000080079bc                APBPrescTable
 .rodata.DLCtoBytes
                0x00000000080079dc       0x10 ./Drivers/STM32G0xx_HAL_Driver/Src/stm32g0xx_hal_fdcan.o
 .rodata.UARTPrescTable
                0x00000000080079ec       0x18 ./Drivers/STM32G0xx_HAL_Driver/Src/stm32g0xx_hal_uart.o
                0x00000000080079ec                UARTPrescTable
 .rodata.numerator.1
                0x0000000008007a04        0x8 ./Drivers/STM32G0xx_HAL_Driver/Src/stm32g0xx_hal_uart_ex.o
 .rodata.denominator.0
                0x0000000008007a0c        0x8 ./Drivers/STM32G0xx_HAL_Driver/Src/stm32g0xx_hal_uart_ex.o
 .rodata._svfprintf_r.str1.1
                0x0000000008007a14       0x11 c:/st/stm32cubeide_1.12.1/stm32cubeide/plugins/com.st.stm32cube.ide.mcu.externaltools.gnu-tools-for-stm32.10.3-2021.10.win32_1.0.200.202301161003/tools/bin/../lib/gcc/arm-none-eabi/10.3.1/../../../../arm-none-eabi/lib/thumb/v6-m/nofp\libc_nano.a(lib_a-nano-svfprintf.o)
 .rodata._printf_i.str1.1
                0x0000000008007a25       0x22 c:/st/stm32cubeide_1.12.1/stm32cubeide/plugins/com.st.stm32cube.ide.mcu.externaltools.gnu-tools-for-stm32.10.3-2021.10.win32_1.0.200.202301161003/tools/bin/../lib/gcc/arm-none-eabi/10.3.1/../../../../arm-none-eabi/lib/thumb/v6-m/nofp\libc_nano.a(lib_a-nano-vfprintf_i.o)
                0x0000000008007a48                . = ALIGN (0x4)
 *fill*         0x0000000008007a47        0x1 

.ARM.extab      0x0000000008007a48        0x0
                0x0000000008007a48                . = ALIGN (0x4)
 *(.ARM.extab* .gnu.linkonce.armextab.*)
                0x0000000008007a48                . = ALIGN (0x4)

.ARM            0x0000000008007a48        0x8
                0x0000000008007a48                . = ALIGN (0x4)
                0x0000000008007a48                __exidx_start = .
 *(.ARM.exidx*)
 .ARM.exidx     0x0000000008007a48        0x8 c:/st/stm32cubeide_1.12.1/stm32cubeide/plugins/com.st.stm32cube.ide.mcu.externaltools.gnu-tools-for-stm32.10.3-2021.10.win32_1.0.200.202301161003/tools/bin/../lib/gcc/arm-none-eabi/10.3.1/thumb/v6-m/nofp\libgcc.a(_udivmoddi4.o)
                0x0000000008007a50                __exidx_end = .
                0x0000000008007a50                . = ALIGN (0x4)

.rel.dyn        0x0000000008007a50        0x0
 .rel.iplt      0x0000000008007a50        0x0 c:/st/stm32cubeide_1.12.1/stm32cubeide/plugins/com.st.stm32cube.ide.mcu.externaltools.gnu-tools-for-stm32.10.3-2021.10.win32_1.0.200.202301161003/tools/bin/../lib/gcc/arm-none-eabi/10.3.1/thumb/v6-m/nofp/crtbegin.o

.preinit_array  0x0000000008007a50        0x0
                0x0000000008007a50                . = ALIGN (0x4)
                0x0000000008007a50                PROVIDE (__preinit_array_start = .)
 *(.preinit_array*)
                0x0000000008007a50                PROVIDE (__preinit_array_end = .)
                0x0000000008007a50                . = ALIGN (0x4)

.init_array     0x0000000008007a50        0x4
                0x0000000008007a50                . = ALIGN (0x4)
                0x0000000008007a50                PROVIDE (__init_array_start = .)
 *(SORT_BY_NAME(.init_array.*))
 *(.init_array*)
 .init_array    0x0000000008007a50        0x4 c:/st/stm32cubeide_1.12.1/stm32cubeide/plugins/com.st.stm32cube.ide.mcu.externaltools.gnu-tools-for-stm32.10.3-2021.10.win32_1.0.200.202301161003/tools/bin/../lib/gcc/arm-none-eabi/10.3.1/thumb/v6-m/nofp/crtbegin.o
                0x0000000008007a54                PROVIDE (__init_array_end = .)
                0x0000000008007a54                . = ALIGN (0x4)

.fini_array     0x0000000008007a54        0x4
                0x0000000008007a54                . = ALIGN (0x4)
                [!provide]                        PROVIDE (__fini_array_start = .)
 *(SORT_BY_NAME(.fini_array.*))
 *(.fini_array*)
 .fini_array    0x0000000008007a54        0x4 c:/st/stm32cubeide_1.12.1/stm32cubeide/plugins/com.st.stm32cube.ide.mcu.externaltools.gnu-tools-for-stm32.10.3-2021.10.win32_1.0.200.202301161003/tools/bin/../lib/gcc/arm-none-eabi/10.3.1/thumb/v6-m/nofp/crtbegin.o
                [!provide]                        PROVIDE (__fini_array_end = .)
                0x0000000008007a58                . = ALIGN (0x4)
                0x0000000008007a58                _sidata = LOADADDR (.data)

.data           0x0000000020000000       0x84 load address 0x0000000008007a58
                0x0000000020000000                . = ALIGN (0x4)
                0x0000000020000000                _sdata = .
 *(.data)
 *(.data*)
 .data.canC_Values
                0x0000000020000000        0x2 ./Core/Src/basicApp.o
                0x0000000020000000                canC_Values
 *fill*         0x0000000020000002        0x2 
 .data.period_of_led_blink
                0x0000000020000004        0x4 ./Core/Src/main.o
                0x0000000020000004                period_of_led_blink
 .data.failMsg  0x0000000020000008        0xa ./Core/Src/main.o
                0x0000000020000008                failMsg
 *fill*         0x0000000020000012        0x2 
 .data.SystemCoreClock
                0x0000000020000014        0x4 ./Core/Src/system_stm32g0xx.o
                0x0000000020000014                SystemCoreClock
 .data.uwTickPrio
                0x0000000020000018        0x4 ./Drivers/STM32G0xx_HAL_Driver/Src/stm32g0xx_hal.o
                0x0000000020000018                uwTickPrio
 .data.uwTickFreq
                0x000000002000001c        0x1 ./Drivers/STM32G0xx_HAL_Driver/Src/stm32g0xx_hal.o
                0x000000002000001c                uwTickFreq
 *fill*         0x000000002000001d        0x3 
 .data._impure_ptr
                0x0000000020000020        0x4 c:/st/stm32cubeide_1.12.1/stm32cubeide/plugins/com.st.stm32cube.ide.mcu.externaltools.gnu-tools-for-stm32.10.3-2021.10.win32_1.0.200.202301161003/tools/bin/../lib/gcc/arm-none-eabi/10.3.1/../../../../arm-none-eabi/lib/thumb/v6-m/nofp\libc_nano.a(lib_a-impure.o)
                0x0000000020000020                _impure_ptr
 .data.impure_data
                0x0000000020000024       0x60 c:/st/stm32cubeide_1.12.1/stm32cubeide/plugins/com.st.stm32cube.ide.mcu.externaltools.gnu-tools-for-stm32.10.3-2021.10.win32_1.0.200.202301161003/tools/bin/../lib/gcc/arm-none-eabi/10.3.1/../../../../arm-none-eabi/lib/thumb/v6-m/nofp\libc_nano.a(lib_a-impure.o)
 *(.RamFunc)
 *(.RamFunc*)
                0x0000000020000084                . = ALIGN (0x4)
                0x0000000020000084                _edata = .

.igot.plt       0x0000000020000084        0x0 load address 0x0000000008007adc
 .igot.plt      0x0000000020000084        0x0 c:/st/stm32cubeide_1.12.1/stm32cubeide/plugins/com.st.stm32cube.ide.mcu.externaltools.gnu-tools-for-stm32.10.3-2021.10.win32_1.0.200.202301161003/tools/bin/../lib/gcc/arm-none-eabi/10.3.1/thumb/v6-m/nofp/crtbegin.o
                0x0000000020000084                . = ALIGN (0x4)

.bss            0x0000000020000084      0x584 load address 0x0000000008007adc
                0x0000000020000084                _sbss = .
                0x0000000020000084                __bss_start__ = _sbss
 *(.bss)
 .bss           0x0000000020000084       0x1c c:/st/stm32cubeide_1.12.1/stm32cubeide/plugins/com.st.stm32cube.ide.mcu.externaltools.gnu-tools-for-stm32.10.3-2021.10.win32_1.0.200.202301161003/tools/bin/../lib/gcc/arm-none-eabi/10.3.1/thumb/v6-m/nofp/crtbegin.o
 *(.bss*)
 .bss.cfgCanC   0x00000000200000a0       0x28 ./Core/Src/basicApp.o
                0x00000000200000a0                cfgCanC
 .bss.routeOne  0x00000000200000c8      0x130 ./Core/Src/basicApp.o
                0x00000000200000c8                routeOne
 .bss.routeTwo  0x00000000200001f8      0x130 ./Core/Src/basicApp.o
                0x00000000200001f8                routeTwo
 .bss.hfdcan1   0x0000000020000328       0x64 ./Core/Src/main.o
                0x0000000020000328                hfdcan1
 .bss.hfdcan2   0x000000002000038c       0x64 ./Core/Src/main.o
                0x000000002000038c                hfdcan2
 .bss.hspi1     0x00000000200003f0       0x64 ./Core/Src/main.o
                0x00000000200003f0                hspi1
 .bss.huart1    0x0000000020000454       0x94 ./Core/Src/main.o
                0x0000000020000454                huart1
 .bss.last_time
                0x00000000200004e8        0x4 ./Core/Src/main.o
                0x00000000200004e8                last_time
 .bss.txHeader_A
                0x00000000200004ec       0x24 ./Core/Src/main.o
                0x00000000200004ec                txHeader_A
 .bss.rxHeader_A
                0x0000000020000510       0x28 ./Core/Src/main.o
                0x0000000020000510                rxHeader_A
 .bss.txHeader_B
                0x0000000020000538       0x24 ./Core/Src/main.o
                0x0000000020000538                txHeader_B
 .bss.rxHeader_B
                0x000000002000055c       0x28 ./Core/Src/main.o
                0x000000002000055c                rxHeader_B
 .bss.tempCanMsg_A
                0x0000000020000584       0x18 ./Core/Src/main.o
                0x0000000020000584                tempCanMsg_A
 .bss.tempCanMsg_B
                0x000000002000059c       0x18 ./Core/Src/main.o
                0x000000002000059c                tempCanMsg_B
 .bss.tempCanMsg_C
                0x00000000200005b4       0x18 ./Core/Src/main.o
                0x00000000200005b4                tempCanMsg_C
 .bss.tempCanMsgTx
                0x00000000200005cc       0x18 ./Core/Src/main.o
                0x00000000200005cc                tempCanMsgTx
 .bss.result    0x00000000200005e4        0x1 ./Core/Src/main.o
                0x00000000200005e4                result
 .bss.result_One
                0x00000000200005e5        0x1 ./Core/Src/main.o
                0x00000000200005e5                result_One
 .bss.result_Two
                0x00000000200005e6        0x1 ./Core/Src/main.o
                0x00000000200005e6                result_Two
 .bss.isCAN_C_RXed
                0x00000000200005e7        0x1 ./Core/Src/main.o
                0x00000000200005e7                isCAN_C_RXed
 .bss.msCount.0
                0x00000000200005e8        0x4 ./Core/Src/main.o
 .bss.HAL_RCC_FDCAN_CLK_ENABLED
                0x00000000200005ec        0x4 ./Core/Src/stm32g0xx_hal_msp.o
 .bss.__sbrk_heap_end
                0x00000000200005f0        0x4 ./Core/Src/sysmem.o
 .bss.uwTick    0x00000000200005f4        0x4 ./Drivers/STM32G0xx_HAL_Driver/Src/stm32g0xx_hal.o
                0x00000000200005f4                uwTick
 .bss.__malloc_free_list
                0x00000000200005f8        0x4 c:/st/stm32cubeide_1.12.1/stm32cubeide/plugins/com.st.stm32cube.ide.mcu.externaltools.gnu-tools-for-stm32.10.3-2021.10.win32_1.0.200.202301161003/tools/bin/../lib/gcc/arm-none-eabi/10.3.1/../../../../arm-none-eabi/lib/thumb/v6-m/nofp\libc_nano.a(lib_a-nano-mallocr.o)
                0x00000000200005f8                __malloc_free_list
 .bss.__malloc_sbrk_start
                0x00000000200005fc        0x4 c:/st/stm32cubeide_1.12.1/stm32cubeide/plugins/com.st.stm32cube.ide.mcu.externaltools.gnu-tools-for-stm32.10.3-2021.10.win32_1.0.200.202301161003/tools/bin/../lib/gcc/arm-none-eabi/10.3.1/../../../../arm-none-eabi/lib/thumb/v6-m/nofp\libc_nano.a(lib_a-nano-mallocr.o)
                0x00000000200005fc                __malloc_sbrk_start
 .bss.errno     0x0000000020000600        0x4 c:/st/stm32cubeide_1.12.1/stm32cubeide/plugins/com.st.stm32cube.ide.mcu.externaltools.gnu-tools-for-stm32.10.3-2021.10.win32_1.0.200.202301161003/tools/bin/../lib/gcc/arm-none-eabi/10.3.1/../../../../arm-none-eabi/lib/thumb/v6-m/nofp\libc_nano.a(lib_a-reent.o)
                0x0000000020000600                errno
 .bss.__lock___malloc_recursive_mutex
                0x0000000020000604        0x1 c:/st/stm32cubeide_1.12.1/stm32cubeide/plugins/com.st.stm32cube.ide.mcu.externaltools.gnu-tools-for-stm32.10.3-2021.10.win32_1.0.200.202301161003/tools/bin/../lib/gcc/arm-none-eabi/10.3.1/../../../../arm-none-eabi/lib/thumb/v6-m/nofp\libc_nano.a(lib_a-lock.o)
                0x0000000020000604                __lock___malloc_recursive_mutex
 *(COMMON)
                0x0000000020000608                . = ALIGN (0x4)
 *fill*         0x0000000020000605        0x3 
                0x0000000020000608                _ebss = .
                0x0000000020000608                __bss_end__ = _ebss

._user_heap_stack
                0x0000000020000608      0x600 load address 0x0000000008007adc
                0x0000000020000608                . = ALIGN (0x8)
                [!provide]                        PROVIDE (end = .)
                0x0000000020000608                PROVIDE (_end = .)
                0x0000000020000808                . = (. + _Min_Heap_Size)
 *fill*         0x0000000020000608      0x200 
                0x0000000020000c08                . = (. + _Min_Stack_Size)
 *fill*         0x0000000020000808      0x400 
                0x0000000020000c08                . = ALIGN (0x8)

/DISCARD/
 libc.a(*)
 libm.a(*)
 libgcc.a(*)

.ARM.attributes
                0x0000000000000000       0x28
 *(.ARM.attributes)
 .ARM.attributes
                0x0000000000000000       0x1e c:/st/stm32cubeide_1.12.1/stm32cubeide/plugins/com.st.stm32cube.ide.mcu.externaltools.gnu-tools-for-stm32.10.3-2021.10.win32_1.0.200.202301161003/tools/bin/../lib/gcc/arm-none-eabi/10.3.1/thumb/v6-m/nofp/crti.o
 .ARM.attributes
                0x000000000000001e       0x2c c:/st/stm32cubeide_1.12.1/stm32cubeide/plugins/com.st.stm32cube.ide.mcu.externaltools.gnu-tools-for-stm32.10.3-2021.10.win32_1.0.200.202301161003/tools/bin/../lib/gcc/arm-none-eabi/10.3.1/thumb/v6-m/nofp/crtbegin.o
 .ARM.attributes
                0x000000000000004a       0x2c ./Core/Src/basicApp.o
 .ARM.attributes
                0x0000000000000076       0x2c ./Core/Src/canMsgRingBuf.o
 .ARM.attributes
                0x00000000000000a2       0x2c ./Core/Src/debug.o
 .ARM.attributes
                0x00000000000000ce       0x2c ./Core/Src/main.o
 .ARM.attributes
                0x00000000000000fa       0x2c ./Core/Src/mcp2515_drv.o
 .ARM.attributes
                0x0000000000000126       0x2c ./Core/Src/mcp2515_hardware.o
 .ARM.attributes
                0x0000000000000152       0x2c ./Core/Src/stm32g0xx_hal_msp.o
 .ARM.attributes
                0x000000000000017e       0x2c ./Core/Src/stm32g0xx_it.o
 .ARM.attributes
                0x00000000000001aa       0x2c ./Core/Src/sysmem.o
 .ARM.attributes
                0x00000000000001d6       0x2c ./Core/Src/system_stm32g0xx.o
 .ARM.attributes
                0x0000000000000202       0x22 ./Core/Startup/startup_stm32g0b1cbtx.o
 .ARM.attributes
                0x0000000000000224       0x2c ./Drivers/STM32G0xx_HAL_Driver/Src/stm32g0xx_hal.o
 .ARM.attributes
                0x0000000000000250       0x2c ./Drivers/STM32G0xx_HAL_Driver/Src/stm32g0xx_hal_cortex.o
 .ARM.attributes
                0x000000000000027c       0x2c ./Drivers/STM32G0xx_HAL_Driver/Src/stm32g0xx_hal_fdcan.o
 .ARM.attributes
                0x00000000000002a8       0x2c ./Drivers/STM32G0xx_HAL_Driver/Src/stm32g0xx_hal_gpio.o
 .ARM.attributes
                0x00000000000002d4       0x2c ./Drivers/STM32G0xx_HAL_Driver/Src/stm32g0xx_hal_pwr_ex.o
 .ARM.attributes
                0x0000000000000300       0x2c ./Drivers/STM32G0xx_HAL_Driver/Src/stm32g0xx_hal_rcc.o
 .ARM.attributes
                0x000000000000032c       0x2c ./Drivers/STM32G0xx_HAL_Driver/Src/stm32g0xx_hal_rcc_ex.o
 .ARM.attributes
                0x0000000000000358       0x2c ./Drivers/STM32G0xx_HAL_Driver/Src/stm32g0xx_hal_spi.o
 .ARM.attributes
                0x0000000000000384       0x2c ./Drivers/STM32G0xx_HAL_Driver/Src/stm32g0xx_hal_uart.o
 .ARM.attributes
                0x00000000000003b0       0x2c ./Drivers/STM32G0xx_HAL_Driver/Src/stm32g0xx_hal_uart_ex.o
 .ARM.attributes
                0x00000000000003dc       0x2c c:/st/stm32cubeide_1.12.1/stm32cubeide/plugins/com.st.stm32cube.ide.mcu.externaltools.gnu-tools-for-stm32.10.3-2021.10.win32_1.0.200.202301161003/tools/bin/../lib/gcc/arm-none-eabi/10.3.1/../../../../arm-none-eabi/lib/thumb/v6-m/nofp\libc_nano.a(lib_a-errno.o)
 .ARM.attributes
                0x0000000000000408       0x2c c:/st/stm32cubeide_1.12.1/stm32cubeide/plugins/com.st.stm32cube.ide.mcu.externaltools.gnu-tools-for-stm32.10.3-2021.10.win32_1.0.200.202301161003/tools/bin/../lib/gcc/arm-none-eabi/10.3.1/../../../../arm-none-eabi/lib/thumb/v6-m/nofp\libc_nano.a(lib_a-impure.o)
 .ARM.attributes
                0x0000000000000434       0x2c c:/st/stm32cubeide_1.12.1/stm32cubeide/plugins/com.st.stm32cube.ide.mcu.externaltools.gnu-tools-for-stm32.10.3-2021.10.win32_1.0.200.202301161003/tools/bin/../lib/gcc/arm-none-eabi/10.3.1/../../../../arm-none-eabi/lib/thumb/v6-m/nofp\libc_nano.a(lib_a-init.o)
 .ARM.attributes
                0x0000000000000460       0x2c c:/st/stm32cubeide_1.12.1/stm32cubeide/plugins/com.st.stm32cube.ide.mcu.externaltools.gnu-tools-for-stm32.10.3-2021.10.win32_1.0.200.202301161003/tools/bin/../lib/gcc/arm-none-eabi/10.3.1/../../../../arm-none-eabi/lib/thumb/v6-m/nofp\libc_nano.a(lib_a-memset.o)
 .ARM.attributes
                0x000000000000048c       0x1c c:/st/stm32cubeide_1.12.1/stm32cubeide/plugins/com.st.stm32cube.ide.mcu.externaltools.gnu-tools-for-stm32.10.3-2021.10.win32_1.0.200.202301161003/tools/bin/../lib/gcc/arm-none-eabi/10.3.1/../../../../arm-none-eabi/lib/thumb/v6-m/nofp\libc_nano.a(lib_a-strlen.o)
 .ARM.attributes
                0x00000000000004a8       0x2c c:/st/stm32cubeide_1.12.1/stm32cubeide/plugins/com.st.stm32cube.ide.mcu.externaltools.gnu-tools-for-stm32.10.3-2021.10.win32_1.0.200.202301161003/tools/bin/../lib/gcc/arm-none-eabi/10.3.1/../../../../arm-none-eabi/lib/thumb/v6-m/nofp\libc_nano.a(lib_a-vsnprintf.o)
 .ARM.attributes
                0x00000000000004d4       0x2c c:/st/stm32cubeide_1.12.1/stm32cubeide/plugins/com.st.stm32cube.ide.mcu.externaltools.gnu-tools-for-stm32.10.3-2021.10.win32_1.0.200.202301161003/tools/bin/../lib/gcc/arm-none-eabi/10.3.1/../../../../arm-none-eabi/lib/thumb/v6-m/nofp\libc_nano.a(lib_a-nano-svfprintf.o)
 .ARM.attributes
                0x0000000000000500       0x2c c:/st/stm32cubeide_1.12.1/stm32cubeide/plugins/com.st.stm32cube.ide.mcu.externaltools.gnu-tools-for-stm32.10.3-2021.10.win32_1.0.200.202301161003/tools/bin/../lib/gcc/arm-none-eabi/10.3.1/../../../../arm-none-eabi/lib/thumb/v6-m/nofp\libc_nano.a(lib_a-nano-vfprintf_i.o)
 .ARM.attributes
                0x000000000000052c       0x2c c:/st/stm32cubeide_1.12.1/stm32cubeide/plugins/com.st.stm32cube.ide.mcu.externaltools.gnu-tools-for-stm32.10.3-2021.10.win32_1.0.200.202301161003/tools/bin/../lib/gcc/arm-none-eabi/10.3.1/../../../../arm-none-eabi/lib/thumb/v6-m/nofp\libc_nano.a(lib_a-memchr-stub.o)
 .ARM.attributes
                0x0000000000000558       0x2c c:/st/stm32cubeide_1.12.1/stm32cubeide/plugins/com.st.stm32cube.ide.mcu.externaltools.gnu-tools-for-stm32.10.3-2021.10.win32_1.0.200.202301161003/tools/bin/../lib/gcc/arm-none-eabi/10.3.1/../../../../arm-none-eabi/lib/thumb/v6-m/nofp\libc_nano.a(lib_a-memcpy-stub.o)
 .ARM.attributes
                0x0000000000000584       0x2c c:/st/stm32cubeide_1.12.1/stm32cubeide/plugins/com.st.stm32cube.ide.mcu.externaltools.gnu-tools-for-stm32.10.3-2021.10.win32_1.0.200.202301161003/tools/bin/../lib/gcc/arm-none-eabi/10.3.1/../../../../arm-none-eabi/lib/thumb/v6-m/nofp\libc_nano.a(lib_a-memmove.o)
 .ARM.attributes
                0x00000000000005b0       0x2c c:/st/stm32cubeide_1.12.1/stm32cubeide/plugins/com.st.stm32cube.ide.mcu.externaltools.gnu-tools-for-stm32.10.3-2021.10.win32_1.0.200.202301161003/tools/bin/../lib/gcc/arm-none-eabi/10.3.1/../../../../arm-none-eabi/lib/thumb/v6-m/nofp\libc_nano.a(lib_a-nano-freer.o)
 .ARM.attributes
                0x00000000000005dc       0x2c c:/st/stm32cubeide_1.12.1/stm32cubeide/plugins/com.st.stm32cube.ide.mcu.externaltools.gnu-tools-for-stm32.10.3-2021.10.win32_1.0.200.202301161003/tools/bin/../lib/gcc/arm-none-eabi/10.3.1/../../../../arm-none-eabi/lib/thumb/v6-m/nofp\libc_nano.a(lib_a-nano-mallocr.o)
 .ARM.attributes
                0x0000000000000608       0x2c c:/st/stm32cubeide_1.12.1/stm32cubeide/plugins/com.st.stm32cube.ide.mcu.externaltools.gnu-tools-for-stm32.10.3-2021.10.win32_1.0.200.202301161003/tools/bin/../lib/gcc/arm-none-eabi/10.3.1/../../../../arm-none-eabi/lib/thumb/v6-m/nofp\libc_nano.a(lib_a-nano-reallocr.o)
 .ARM.attributes
                0x0000000000000634       0x2c c:/st/stm32cubeide_1.12.1/stm32cubeide/plugins/com.st.stm32cube.ide.mcu.externaltools.gnu-tools-for-stm32.10.3-2021.10.win32_1.0.200.202301161003/tools/bin/../lib/gcc/arm-none-eabi/10.3.1/../../../../arm-none-eabi/lib/thumb/v6-m/nofp\libc_nano.a(lib_a-sbrkr.o)
 .ARM.attributes
                0x0000000000000660       0x2c c:/st/stm32cubeide_1.12.1/stm32cubeide/plugins/com.st.stm32cube.ide.mcu.externaltools.gnu-tools-for-stm32.10.3-2021.10.win32_1.0.200.202301161003/tools/bin/../lib/gcc/arm-none-eabi/10.3.1/../../../../arm-none-eabi/lib/thumb/v6-m/nofp\libc_nano.a(lib_a-mlock.o)
 .ARM.attributes
                0x000000000000068c       0x2c c:/st/stm32cubeide_1.12.1/stm32cubeide/plugins/com.st.stm32cube.ide.mcu.externaltools.gnu-tools-for-stm32.10.3-2021.10.win32_1.0.200.202301161003/tools/bin/../lib/gcc/arm-none-eabi/10.3.1/../../../../arm-none-eabi/lib/thumb/v6-m/nofp\libc_nano.a(lib_a-nano-msizer.o)
 .ARM.attributes
                0x00000000000006b8       0x2c c:/st/stm32cubeide_1.12.1/stm32cubeide/plugins/com.st.stm32cube.ide.mcu.externaltools.gnu-tools-for-stm32.10.3-2021.10.win32_1.0.200.202301161003/tools/bin/../lib/gcc/arm-none-eabi/10.3.1/../../../../arm-none-eabi/lib/thumb/v6-m/nofp\libc_nano.a(lib_a-reent.o)
 .ARM.attributes
                0x00000000000006e4       0x2c c:/st/stm32cubeide_1.12.1/stm32cubeide/plugins/com.st.stm32cube.ide.mcu.externaltools.gnu-tools-for-stm32.10.3-2021.10.win32_1.0.200.202301161003/tools/bin/../lib/gcc/arm-none-eabi/10.3.1/../../../../arm-none-eabi/lib/thumb/v6-m/nofp\libc_nano.a(lib_a-lock.o)
 .ARM.attributes
                0x0000000000000710       0x1e c:/st/stm32cubeide_1.12.1/stm32cubeide/plugins/com.st.stm32cube.ide.mcu.externaltools.gnu-tools-for-stm32.10.3-2021.10.win32_1.0.200.202301161003/tools/bin/../lib/gcc/arm-none-eabi/10.3.1/thumb/v6-m/nofp\libgcc.a(_thumb1_case_shi.o)
 .ARM.attributes
                0x000000000000072e       0x1e c:/st/stm32cubeide_1.12.1/stm32cubeide/plugins/com.st.stm32cube.ide.mcu.externaltools.gnu-tools-for-stm32.10.3-2021.10.win32_1.0.200.202301161003/tools/bin/../lib/gcc/arm-none-eabi/10.3.1/thumb/v6-m/nofp\libgcc.a(_udivsi3.o)
 .ARM.attributes
                0x000000000000074c       0x1e c:/st/stm32cubeide_1.12.1/stm32cubeide/plugins/com.st.stm32cube.ide.mcu.externaltools.gnu-tools-for-stm32.10.3-2021.10.win32_1.0.200.202301161003/tools/bin/../lib/gcc/arm-none-eabi/10.3.1/thumb/v6-m/nofp\libgcc.a(_divsi3.o)
 .ARM.attributes
                0x000000000000076a       0x1e c:/st/stm32cubeide_1.12.1/stm32cubeide/plugins/com.st.stm32cube.ide.mcu.externaltools.gnu-tools-for-stm32.10.3-2021.10.win32_1.0.200.202301161003/tools/bin/../lib/gcc/arm-none-eabi/10.3.1/thumb/v6-m/nofp\libgcc.a(_dvmd_tls.o)
 .ARM.attributes
                0x0000000000000788       0x1e c:/st/stm32cubeide_1.12.1/stm32cubeide/plugins/com.st.stm32cube.ide.mcu.externaltools.gnu-tools-for-stm32.10.3-2021.10.win32_1.0.200.202301161003/tools/bin/../lib/gcc/arm-none-eabi/10.3.1/thumb/v6-m/nofp\libgcc.a(_aeabi_uldivmod.o)
 .ARM.attributes
                0x00000000000007a6       0x2c c:/st/stm32cubeide_1.12.1/stm32cubeide/plugins/com.st.stm32cube.ide.mcu.externaltools.gnu-tools-for-stm32.10.3-2021.10.win32_1.0.200.202301161003/tools/bin/../lib/gcc/arm-none-eabi/10.3.1/thumb/v6-m/nofp\libgcc.a(_udivmoddi4.o)
 .ARM.attributes
                0x00000000000007d2       0x1e c:/st/stm32cubeide_1.12.1/stm32cubeide/plugins/com.st.stm32cube.ide.mcu.externaltools.gnu-tools-for-stm32.10.3-2021.10.win32_1.0.200.202301161003/tools/bin/../lib/gcc/arm-none-eabi/10.3.1/thumb/v6-m/nofp\libgcc.a(_clzdi2.o)
 .ARM.attributes
                0x00000000000007f0       0x1e c:/st/stm32cubeide_1.12.1/stm32cubeide/plugins/com.st.stm32cube.ide.mcu.externaltools.gnu-tools-for-stm32.10.3-2021.10.win32_1.0.200.202301161003/tools/bin/../lib/gcc/arm-none-eabi/10.3.1/thumb/v6-m/nofp\libgcc.a(_clzsi2.o)
 .ARM.attributes
                0x000000000000080e       0x1e c:/st/stm32cubeide_1.12.1/stm32cubeide/plugins/com.st.stm32cube.ide.mcu.externaltools.gnu-tools-for-stm32.10.3-2021.10.win32_1.0.200.202301161003/tools/bin/../lib/gcc/arm-none-eabi/10.3.1/thumb/v6-m/nofp/crtn.o
OUTPUT(threeCanGatewayECR_G0B1CB.elf elf32-littlearm)
LOAD linker stubs
LOAD c:/st/stm32cubeide_1.12.1/stm32cubeide/plugins/com.st.stm32cube.ide.mcu.externaltools.gnu-tools-for-stm32.10.3-2021.10.win32_1.0.200.202301161003/tools/bin/../lib/gcc/arm-none-eabi/10.3.1/../../../../arm-none-eabi/lib/thumb/v6-m/nofp\libc.a
LOAD c:/st/stm32cubeide_1.12.1/stm32cubeide/plugins/com.st.stm32cube.ide.mcu.externaltools.gnu-tools-for-stm32.10.3-2021.10.win32_1.0.200.202301161003/tools/bin/../lib/gcc/arm-none-eabi/10.3.1/../../../../arm-none-eabi/lib/thumb/v6-m/nofp\libm.a
LOAD c:/st/stm32cubeide_1.12.1/stm32cubeide/plugins/com.st.stm32cube.ide.mcu.externaltools.gnu-tools-for-stm32.10.3-2021.10.win32_1.0.200.202301161003/tools/bin/../lib/gcc/arm-none-eabi/10.3.1/thumb/v6-m/nofp\libgcc.a

.debug_info     0x0000000000000000    0x14058
 .debug_info    0x0000000000000000      0xc58 ./Core/Src/basicApp.o
 .debug_info    0x0000000000000c58      0x249 ./Core/Src/canMsgRingBuf.o
 .debug_info    0x0000000000000ea1      0x9c8 ./Core/Src/debug.o
 .debug_info    0x0000000000001869     0x1f36 ./Core/Src/main.o
 .debug_info    0x000000000000379f     0x14e0 ./Core/Src/mcp2515_drv.o
 .debug_info    0x0000000000004c7f      0x98a ./Core/Src/mcp2515_hardware.o
 .debug_info    0x0000000000005609     0x16f1 ./Core/Src/stm32g0xx_hal_msp.o
 .debug_info    0x0000000000006cfa      0x688 ./Core/Src/stm32g0xx_it.o
 .debug_info    0x0000000000007382      0x171 ./Core/Src/sysmem.o
 .debug_info    0x00000000000074f3      0x34d ./Core/Src/system_stm32g0xx.o
 .debug_info    0x0000000000007840       0x22 ./Core/Startup/startup_stm32g0b1cbtx.o
 .debug_info    0x0000000000007862      0xb4d ./Drivers/STM32G0xx_HAL_Driver/Src/stm32g0xx_hal.o
 .debug_info    0x00000000000083af      0x90d ./Drivers/STM32G0xx_HAL_Driver/Src/stm32g0xx_hal_cortex.o
 .debug_info    0x0000000000008cbc     0x19ba ./Drivers/STM32G0xx_HAL_Driver/Src/stm32g0xx_hal_fdcan.o
 .debug_info    0x000000000000a676      0x647 ./Drivers/STM32G0xx_HAL_Driver/Src/stm32g0xx_hal_gpio.o
 .debug_info    0x000000000000acbd      0x90c ./Drivers/STM32G0xx_HAL_Driver/Src/stm32g0xx_hal_pwr_ex.o
 .debug_info    0x000000000000b5c9      0xc08 ./Drivers/STM32G0xx_HAL_Driver/Src/stm32g0xx_hal_rcc.o
 .debug_info    0x000000000000c1d1      0xaea ./Drivers/STM32G0xx_HAL_Driver/Src/stm32g0xx_hal_rcc_ex.o
 .debug_info    0x000000000000ccbb     0x18d4 ./Drivers/STM32G0xx_HAL_Driver/Src/stm32g0xx_hal_spi.o
 .debug_info    0x000000000000e58f     0x4a3c ./Drivers/STM32G0xx_HAL_Driver/Src/stm32g0xx_hal_uart.o
 .debug_info    0x0000000000012fcb     0x108d ./Drivers/STM32G0xx_HAL_Driver/Src/stm32g0xx_hal_uart_ex.o

.debug_abbrev   0x0000000000000000     0x2a34
 .debug_abbrev  0x0000000000000000      0x220 ./Core/Src/basicApp.o
 .debug_abbrev  0x0000000000000220       0xf3 ./Core/Src/canMsgRingBuf.o
 .debug_abbrev  0x0000000000000313      0x1ea ./Core/Src/debug.o
 .debug_abbrev  0x00000000000004fd      0x339 ./Core/Src/main.o
 .debug_abbrev  0x0000000000000836      0x28c ./Core/Src/mcp2515_drv.o
 .debug_abbrev  0x0000000000000ac2      0x205 ./Core/Src/mcp2515_hardware.o
 .debug_abbrev  0x0000000000000cc7      0x221 ./Core/Src/stm32g0xx_hal_msp.o
 .debug_abbrev  0x0000000000000ee8      0x168 ./Core/Src/stm32g0xx_it.o
 .debug_abbrev  0x0000000000001050       0xbb ./Core/Src/sysmem.o
 .debug_abbrev  0x000000000000110b      0x116 ./Core/Src/system_stm32g0xx.o
 .debug_abbrev  0x0000000000001221       0x12 ./Core/Startup/startup_stm32g0b1cbtx.o
 .debug_abbrev  0x0000000000001233      0x278 ./Drivers/STM32G0xx_HAL_Driver/Src/stm32g0xx_hal.o
 .debug_abbrev  0x00000000000014ab      0x29f ./Drivers/STM32G0xx_HAL_Driver/Src/stm32g0xx_hal_cortex.o
 .debug_abbrev  0x000000000000174a      0x1dc ./Drivers/STM32G0xx_HAL_Driver/Src/stm32g0xx_hal_fdcan.o
 .debug_abbrev  0x0000000000001926      0x1b9 ./Drivers/STM32G0xx_HAL_Driver/Src/stm32g0xx_hal_gpio.o
 .debug_abbrev  0x0000000000001adf      0x232 ./Drivers/STM32G0xx_HAL_Driver/Src/stm32g0xx_hal_pwr_ex.o
 .debug_abbrev  0x0000000000001d11      0x2ae ./Drivers/STM32G0xx_HAL_Driver/Src/stm32g0xx_hal_rcc.o
 .debug_abbrev  0x0000000000001fbf      0x234 ./Drivers/STM32G0xx_HAL_Driver/Src/stm32g0xx_hal_rcc_ex.o
 .debug_abbrev  0x00000000000021f3      0x27e ./Drivers/STM32G0xx_HAL_Driver/Src/stm32g0xx_hal_spi.o
 .debug_abbrev  0x0000000000002471      0x2ff ./Drivers/STM32G0xx_HAL_Driver/Src/stm32g0xx_hal_uart.o
 .debug_abbrev  0x0000000000002770      0x2c4 ./Drivers/STM32G0xx_HAL_Driver/Src/stm32g0xx_hal_uart_ex.o

.debug_aranges  0x0000000000000000      0xfc8
 .debug_aranges
                0x0000000000000000       0x40 ./Core/Src/basicApp.o
 .debug_aranges
                0x0000000000000040       0x30 ./Core/Src/canMsgRingBuf.o
 .debug_aranges
                0x0000000000000070       0x38 ./Core/Src/debug.o
 .debug_aranges
                0x00000000000000a8       0x80 ./Core/Src/main.o
 .debug_aranges
                0x0000000000000128      0x1b8 ./Core/Src/mcp2515_drv.o
 .debug_aranges
                0x00000000000002e0       0x48 ./Core/Src/mcp2515_hardware.o
 .debug_aranges
                0x0000000000000328       0x50 ./Core/Src/stm32g0xx_hal_msp.o
 .debug_aranges
                0x0000000000000378       0x58 ./Core/Src/stm32g0xx_it.o
 .debug_aranges
                0x00000000000003d0       0x20 ./Core/Src/sysmem.o
 .debug_aranges
                0x00000000000003f0       0x28 ./Core/Src/system_stm32g0xx.o
 .debug_aranges
                0x0000000000000418       0x28 ./Core/Startup/startup_stm32g0b1cbtx.o
 .debug_aranges
                0x0000000000000440      0x130 ./Drivers/STM32G0xx_HAL_Driver/Src/stm32g0xx_hal.o
 .debug_aranges
                0x0000000000000570       0xd8 ./Drivers/STM32G0xx_HAL_Driver/Src/stm32g0xx_hal_cortex.o
 .debug_aranges
                0x0000000000000648      0x208 ./Drivers/STM32G0xx_HAL_Driver/Src/stm32g0xx_hal_fdcan.o
 .debug_aranges
                0x0000000000000850       0x60 ./Drivers/STM32G0xx_HAL_Driver/Src/stm32g0xx_hal_gpio.o
 .debug_aranges
                0x00000000000008b0      0x128 ./Drivers/STM32G0xx_HAL_Driver/Src/stm32g0xx_hal_pwr_ex.o
 .debug_aranges
                0x00000000000009d8       0xa0 ./Drivers/STM32G0xx_HAL_Driver/Src/stm32g0xx_hal_rcc.o
 .debug_aranges
                0x0000000000000a78       0x88 ./Drivers/STM32G0xx_HAL_Driver/Src/stm32g0xx_hal_rcc_ex.o
 .debug_aranges
                0x0000000000000b00      0x1d8 ./Drivers/STM32G0xx_HAL_Driver/Src/stm32g0xx_hal_spi.o
 .debug_aranges
                0x0000000000000cd8      0x248 ./Drivers/STM32G0xx_HAL_Driver/Src/stm32g0xx_hal_uart.o
 .debug_aranges
                0x0000000000000f20       0xa8 ./Drivers/STM32G0xx_HAL_Driver/Src/stm32g0xx_hal_uart_ex.o

.debug_ranges   0x0000000000000000      0xeb0
 .debug_ranges  0x0000000000000000       0x30 ./Core/Src/basicApp.o
 .debug_ranges  0x0000000000000030       0x20 ./Core/Src/canMsgRingBuf.o
 .debug_ranges  0x0000000000000050       0x28 ./Core/Src/debug.o
 .debug_ranges  0x0000000000000078       0x70 ./Core/Src/main.o
 .debug_ranges  0x00000000000000e8      0x1a8 ./Core/Src/mcp2515_drv.o
 .debug_ranges  0x0000000000000290       0x38 ./Core/Src/mcp2515_hardware.o
 .debug_ranges  0x00000000000002c8       0x40 ./Core/Src/stm32g0xx_hal_msp.o
 .debug_ranges  0x0000000000000308       0x48 ./Core/Src/stm32g0xx_it.o
 .debug_ranges  0x0000000000000350       0x10 ./Core/Src/sysmem.o
 .debug_ranges  0x0000000000000360       0x18 ./Core/Src/system_stm32g0xx.o
 .debug_ranges  0x0000000000000378       0x20 ./Core/Startup/startup_stm32g0b1cbtx.o
 .debug_ranges  0x0000000000000398      0x120 ./Drivers/STM32G0xx_HAL_Driver/Src/stm32g0xx_hal.o
 .debug_ranges  0x00000000000004b8       0xc8 ./Drivers/STM32G0xx_HAL_Driver/Src/stm32g0xx_hal_cortex.o
 .debug_ranges  0x0000000000000580      0x1f8 ./Drivers/STM32G0xx_HAL_Driver/Src/stm32g0xx_hal_fdcan.o
 .debug_ranges  0x0000000000000778       0x50 ./Drivers/STM32G0xx_HAL_Driver/Src/stm32g0xx_hal_gpio.o
 .debug_ranges  0x00000000000007c8      0x118 ./Drivers/STM32G0xx_HAL_Driver/Src/stm32g0xx_hal_pwr_ex.o
 .debug_ranges  0x00000000000008e0       0x90 ./Drivers/STM32G0xx_HAL_Driver/Src/stm32g0xx_hal_rcc.o
 .debug_ranges  0x0000000000000970       0x78 ./Drivers/STM32G0xx_HAL_Driver/Src/stm32g0xx_hal_rcc_ex.o
 .debug_ranges  0x00000000000009e8      0x1c8 ./Drivers/STM32G0xx_HAL_Driver/Src/stm32g0xx_hal_spi.o
 .debug_ranges  0x0000000000000bb0      0x268 ./Drivers/STM32G0xx_HAL_Driver/Src/stm32g0xx_hal_uart.o
 .debug_ranges  0x0000000000000e18       0x98 ./Drivers/STM32G0xx_HAL_Driver/Src/stm32g0xx_hal_uart_ex.o

.debug_macro    0x0000000000000000    0x1d8af
 .debug_macro   0x0000000000000000      0x31a ./Core/Src/basicApp.o
 .debug_macro   0x000000000000031a      0xa4e ./Core/Src/basicApp.o
 .debug_macro   0x0000000000000d68       0x22 ./Core/Src/basicApp.o
 .debug_macro   0x0000000000000d8a       0x8e ./Core/Src/basicApp.o
 .debug_macro   0x0000000000000e18       0x51 ./Core/Src/basicApp.o
 .debug_macro   0x0000000000000e69      0x103 ./Core/Src/basicApp.o
 .debug_macro   0x0000000000000f6c       0x6a ./Core/Src/basicApp.o
 .debug_macro   0x0000000000000fd6      0x1df ./Core/Src/basicApp.o
 .debug_macro   0x00000000000011b5       0x22 ./Core/Src/basicApp.o
 .debug_macro   0x00000000000011d7      0x130 ./Core/Src/basicApp.o
 .debug_macro   0x0000000000001307       0x2e ./Core/Src/basicApp.o
 .debug_macro   0x0000000000001335       0x28 ./Core/Src/basicApp.o
 .debug_macro   0x000000000000135d       0x1c ./Core/Src/basicApp.o
 .debug_macro   0x0000000000001379       0x22 ./Core/Src/basicApp.o
 .debug_macro   0x000000000000139b       0xd1 ./Core/Src/basicApp.o
 .debug_macro   0x000000000000146c      0x4da ./Core/Src/basicApp.o
 .debug_macro   0x0000000000001946      0x11f ./Core/Src/basicApp.o
 .debug_macro   0x0000000000001a65     0xf3bb ./Core/Src/basicApp.o
 .debug_macro   0x0000000000010e20       0x66 ./Core/Src/basicApp.o
 .debug_macro   0x0000000000010e86     0x34fd ./Core/Src/basicApp.o
 .debug_macro   0x0000000000014383      0x174 ./Core/Src/basicApp.o
 .debug_macro   0x00000000000144f7       0x5c ./Core/Src/basicApp.o
 .debug_macro   0x0000000000014553      0x72c ./Core/Src/basicApp.o
 .debug_macro   0x0000000000014c7f     0x1509 ./Core/Src/basicApp.o
 .debug_macro   0x0000000000016188      0x535 ./Core/Src/basicApp.o
 .debug_macro   0x00000000000166bd      0x1cf ./Core/Src/basicApp.o
 .debug_macro   0x000000000001688c      0x25b ./Core/Src/basicApp.o
 .debug_macro   0x0000000000016ae7      0x4f5 ./Core/Src/basicApp.o
 .debug_macro   0x0000000000016fdc      0x280 ./Core/Src/basicApp.o
 .debug_macro   0x000000000001725c      0x417 ./Core/Src/basicApp.o
 .debug_macro   0x0000000000017673      0x1b2 ./Core/Src/basicApp.o
 .debug_macro   0x0000000000017825       0x43 ./Core/Src/basicApp.o
 .debug_macro   0x0000000000017868      0x1f1 ./Core/Src/basicApp.o
 .debug_macro   0x0000000000017a59      0x1e4 ./Core/Src/basicApp.o
 .debug_macro   0x0000000000017c3d      0x3fa ./Core/Src/basicApp.o
 .debug_macro   0x0000000000018037       0x28 ./Core/Src/basicApp.o
 .debug_macro   0x000000000001805f      0x123 ./Core/Src/basicApp.o
 .debug_macro   0x0000000000018182      0x6bd ./Core/Src/basicApp.o
 .debug_macro   0x000000000001883f      0x145 ./Core/Src/basicApp.o
 .debug_macro   0x0000000000018984      0x30b ./Core/Src/basicApp.o
 .debug_macro   0x0000000000018c8f      0x2fe ./Core/Src/basicApp.o
 .debug_macro   0x0000000000018f8d      0x693 ./Core/Src/basicApp.o
 .debug_macro   0x0000000000019620       0xa6 ./Core/Src/basicApp.o
 .debug_macro   0x00000000000196c6      0x5df ./Core/Src/basicApp.o
 .debug_macro   0x0000000000019ca5       0xa6 ./Core/Src/basicApp.o
 .debug_macro   0x0000000000019d4b      0x9a7 ./Core/Src/basicApp.o
 .debug_macro   0x000000000001a6f2       0x8e ./Core/Src/basicApp.o
 .debug_macro   0x000000000001a780       0x10 ./Core/Src/basicApp.o
 .debug_macro   0x000000000001a790       0x28 ./Core/Src/basicApp.o
 .debug_macro   0x000000000001a7b8       0x52 ./Core/Src/basicApp.o
 .debug_macro   0x000000000001a80a       0x18 ./Core/Src/basicApp.o
 .debug_macro   0x000000000001a822       0x3c ./Core/Src/basicApp.o
 .debug_macro   0x000000000001a85e       0x34 ./Core/Src/basicApp.o
 .debug_macro   0x000000000001a892       0x16 ./Core/Src/basicApp.o
 .debug_macro   0x000000000001a8a8       0x43 ./Core/Src/basicApp.o
 .debug_macro   0x000000000001a8eb       0x34 ./Core/Src/basicApp.o
 .debug_macro   0x000000000001a91f       0x10 ./Core/Src/basicApp.o
 .debug_macro   0x000000000001a92f       0x58 ./Core/Src/basicApp.o
 .debug_macro   0x000000000001a987       0x71 ./Core/Src/basicApp.o
 .debug_macro   0x000000000001a9f8       0x1c ./Core/Src/basicApp.o
 .debug_macro   0x000000000001aa14      0x12a ./Core/Src/basicApp.o
 .debug_macro   0x000000000001ab3e      0x341 ./Core/Src/basicApp.o
 .debug_macro   0x000000000001ae7f       0x10 ./Core/Src/basicApp.o
 .debug_macro   0x000000000001ae8f       0x35 ./Core/Src/basicApp.o
 .debug_macro   0x000000000001aec4       0x20 ./Core/Src/basicApp.o
 .debug_macro   0x000000000001aee4       0x86 ./Core/Src/canMsgRingBuf.o
 .debug_macro   0x000000000001af6a       0x88 ./Core/Src/canMsgRingBuf.o
 .debug_macro   0x000000000001aff2      0x202 ./Core/Src/debug.o
 .debug_macro   0x000000000001b1f4       0x22 ./Core/Src/debug.o
 .debug_macro   0x000000000001b216       0x58 ./Core/Src/debug.o
 .debug_macro   0x000000000001b26e      0x32c ./Core/Src/main.o
 .debug_macro   0x000000000001b59a       0xa0 ./Core/Src/main.o
 .debug_macro   0x000000000001b63a      0x222 ./Core/Src/mcp2515_drv.o
 .debug_macro   0x000000000001b85c      0x1fd ./Core/Src/mcp2515_hardware.o
 .debug_macro   0x000000000001ba59      0x1f9 ./Core/Src/stm32g0xx_hal_msp.o
 .debug_macro   0x000000000001bc52      0x203 ./Core/Src/stm32g0xx_it.o
 .debug_macro   0x000000000001be55       0xff ./Core/Src/sysmem.o
 .debug_macro   0x000000000001bf54      0x23b ./Core/Src/sysmem.o
 .debug_macro   0x000000000001c18f      0x1ea ./Core/Src/system_stm32g0xx.o
 .debug_macro   0x000000000001c379      0x20e ./Drivers/STM32G0xx_HAL_Driver/Src/stm32g0xx_hal.o
 .debug_macro   0x000000000001c587      0x1ea ./Drivers/STM32G0xx_HAL_Driver/Src/stm32g0xx_hal_cortex.o
 .debug_macro   0x000000000001c771      0x2fc ./Drivers/STM32G0xx_HAL_Driver/Src/stm32g0xx_hal_fdcan.o
 .debug_macro   0x000000000001ca6d      0x1f1 ./Drivers/STM32G0xx_HAL_Driver/Src/stm32g0xx_hal_gpio.o
 .debug_macro   0x000000000001cc5e      0x214 ./Drivers/STM32G0xx_HAL_Driver/Src/stm32g0xx_hal_pwr_ex.o
 .debug_macro   0x000000000001ce72      0x23e ./Drivers/STM32G0xx_HAL_Driver/Src/stm32g0xx_hal_rcc.o
 .debug_macro   0x000000000001d0b0      0x202 ./Drivers/STM32G0xx_HAL_Driver/Src/stm32g0xx_hal_rcc_ex.o
 .debug_macro   0x000000000001d2b2      0x1f2 ./Drivers/STM32G0xx_HAL_Driver/Src/stm32g0xx_hal_spi.o
 .debug_macro   0x000000000001d4a4      0x215 ./Drivers/STM32G0xx_HAL_Driver/Src/stm32g0xx_hal_uart.o
 .debug_macro   0x000000000001d6b9      0x1f6 ./Drivers/STM32G0xx_HAL_Driver/Src/stm32g0xx_hal_uart_ex.o

.debug_line     0x0000000000000000    0x1269e
 .debug_line    0x0000000000000000      0xa84 ./Core/Src/basicApp.o
 .debug_line    0x0000000000000a84      0x43c ./Core/Src/canMsgRingBuf.o
 .debug_line    0x0000000000000ec0      0x79e ./Core/Src/debug.o
 .debug_line    0x000000000000165e      0xd4a ./Core/Src/main.o
 .debug_line    0x00000000000023a8     0x15cc ./Core/Src/mcp2515_drv.o
 .debug_line    0x0000000000003974      0x7c1 ./Core/Src/mcp2515_hardware.o
 .debug_line    0x0000000000004135      0x89c ./Core/Src/stm32g0xx_hal_msp.o
 .debug_line    0x00000000000049d1      0x7ce ./Core/Src/stm32g0xx_it.o
 .debug_line    0x000000000000519f      0x4f4 ./Core/Src/sysmem.o
 .debug_line    0x0000000000005693      0x792 ./Core/Src/system_stm32g0xx.o
 .debug_line    0x0000000000005e25       0x89 ./Core/Startup/startup_stm32g0b1cbtx.o
 .debug_line    0x0000000000005eae      0xaf8 ./Drivers/STM32G0xx_HAL_Driver/Src/stm32g0xx_hal.o
 .debug_line    0x00000000000069a6      0xb49 ./Drivers/STM32G0xx_HAL_Driver/Src/stm32g0xx_hal_cortex.o
 .debug_line    0x00000000000074ef     0x187c ./Drivers/STM32G0xx_HAL_Driver/Src/stm32g0xx_hal_fdcan.o
 .debug_line    0x0000000000008d6b      0xb49 ./Drivers/STM32G0xx_HAL_Driver/Src/stm32g0xx_hal_gpio.o
 .debug_line    0x00000000000098b4      0xbb5 ./Drivers/STM32G0xx_HAL_Driver/Src/stm32g0xx_hal_pwr_ex.o
 .debug_line    0x000000000000a469      0xf54 ./Drivers/STM32G0xx_HAL_Driver/Src/stm32g0xx_hal_rcc.o
 .debug_line    0x000000000000b3bd     0x114d ./Drivers/STM32G0xx_HAL_Driver/Src/stm32g0xx_hal_rcc_ex.o
 .debug_line    0x000000000000c50a     0x1eb3 ./Drivers/STM32G0xx_HAL_Driver/Src/stm32g0xx_hal_spi.o
 .debug_line    0x000000000000e3bd     0x351a ./Drivers/STM32G0xx_HAL_Driver/Src/stm32g0xx_hal_uart.o
 .debug_line    0x00000000000118d7      0xdc7 ./Drivers/STM32G0xx_HAL_Driver/Src/stm32g0xx_hal_uart_ex.o

.debug_str      0x0000000000000000    0xba092
 .debug_str     0x0000000000000000    0xb4b87 ./Core/Src/basicApp.o
                                      0xb52c1 (size before relaxing)
 .debug_str     0x00000000000b4b87       0x62 ./Core/Src/canMsgRingBuf.o
                                       0x3e1e (size before relaxing)
 .debug_str     0x00000000000b4be9      0x635 ./Core/Src/debug.o
                                      0xafe8c (size before relaxing)
 .debug_str     0x00000000000b521e      0x9bb ./Core/Src/main.o
                                      0xb5eb3 (size before relaxing)
 .debug_str     0x00000000000b5bd9      0x438 ./Core/Src/mcp2515_drv.o
                                      0xb204e (size before relaxing)
 .debug_str     0x00000000000b6011       0x6f ./Core/Src/mcp2515_hardware.o
                                      0xaff6c (size before relaxing)
 .debug_str     0x00000000000b6080      0x287 ./Core/Src/stm32g0xx_hal_msp.o
                                      0xb0978 (size before relaxing)
 .debug_str     0x00000000000b6307       0xfa ./Core/Src/stm32g0xx_it.o
                                      0xafd88 (size before relaxing)
 .debug_str     0x00000000000b6401      0x4da ./Core/Src/sysmem.o
                                       0x5cd5 (size before relaxing)
 .debug_str     0x00000000000b68db       0x8e ./Core/Src/system_stm32g0xx.o
                                      0xaf798 (size before relaxing)
 .debug_str     0x00000000000b6969       0x36 ./Core/Startup/startup_stm32g0b1cbtx.o
                                         0x83 (size before relaxing)
 .debug_str     0x00000000000b699f      0x5cc ./Drivers/STM32G0xx_HAL_Driver/Src/stm32g0xx_hal.o
                                      0xb0071 (size before relaxing)
 .debug_str     0x00000000000b6f6b      0x267 ./Drivers/STM32G0xx_HAL_Driver/Src/stm32g0xx_hal_cortex.o
                                      0xafc71 (size before relaxing)
 .debug_str     0x00000000000b71d2     0x1154 ./Drivers/STM32G0xx_HAL_Driver/Src/stm32g0xx_hal_fdcan.o
                                      0xb0e30 (size before relaxing)
 .debug_str     0x00000000000b8326       0xff ./Drivers/STM32G0xx_HAL_Driver/Src/stm32g0xx_hal_gpio.o
                                      0xaf8fb (size before relaxing)
 .debug_str     0x00000000000b8425      0x3f0 ./Drivers/STM32G0xx_HAL_Driver/Src/stm32g0xx_hal_pwr_ex.o
                                      0xafd1a (size before relaxing)
 .debug_str     0x00000000000b8815      0x3bc ./Drivers/STM32G0xx_HAL_Driver/Src/stm32g0xx_hal_rcc.o
                                      0xafe8a (size before relaxing)
 .debug_str     0x00000000000b8bd1      0x360 ./Drivers/STM32G0xx_HAL_Driver/Src/stm32g0xx_hal_rcc_ex.o
                                      0xafdf4 (size before relaxing)
 .debug_str     0x00000000000b8f31      0x557 ./Drivers/STM32G0xx_HAL_Driver/Src/stm32g0xx_hal_spi.o
                                      0xb01a5 (size before relaxing)
 .debug_str     0x00000000000b9488      0x99f ./Drivers/STM32G0xx_HAL_Driver/Src/stm32g0xx_hal_uart.o
                                      0xb0783 (size before relaxing)
 .debug_str     0x00000000000b9e27      0x26b ./Drivers/STM32G0xx_HAL_Driver/Src/stm32g0xx_hal_uart_ex.o
                                      0xb0049 (size before relaxing)

.comment        0x0000000000000000       0x50
 .comment       0x0000000000000000       0x50 ./Core/Src/basicApp.o
                                         0x51 (size before relaxing)
 .comment       0x0000000000000050       0x51 ./Core/Src/canMsgRingBuf.o
 .comment       0x0000000000000050       0x51 ./Core/Src/debug.o
 .comment       0x0000000000000050       0x51 ./Core/Src/main.o
 .comment       0x0000000000000050       0x51 ./Core/Src/mcp2515_drv.o
 .comment       0x0000000000000050       0x51 ./Core/Src/mcp2515_hardware.o
 .comment       0x0000000000000050       0x51 ./Core/Src/stm32g0xx_hal_msp.o
 .comment       0x0000000000000050       0x51 ./Core/Src/stm32g0xx_it.o
 .comment       0x0000000000000050       0x51 ./Core/Src/sysmem.o
 .comment       0x0000000000000050       0x51 ./Core/Src/system_stm32g0xx.o
 .comment       0x0000000000000050       0x51 ./Drivers/STM32G0xx_HAL_Driver/Src/stm32g0xx_hal.o
 .comment       0x0000000000000050       0x51 ./Drivers/STM32G0xx_HAL_Driver/Src/stm32g0xx_hal_cortex.o
 .comment       0x0000000000000050       0x51 ./Drivers/STM32G0xx_HAL_Driver/Src/stm32g0xx_hal_fdcan.o
 .comment       0x0000000000000050       0x51 ./Drivers/STM32G0xx_HAL_Driver/Src/stm32g0xx_hal_gpio.o
 .comment       0x0000000000000050       0x51 ./Drivers/STM32G0xx_HAL_Driver/Src/stm32g0xx_hal_pwr_ex.o
 .comment       0x0000000000000050       0x51 ./Drivers/STM32G0xx_HAL_Driver/Src/stm32g0xx_hal_rcc.o
 .comment       0x0000000000000050       0x51 ./Drivers/STM32G0xx_HAL_Driver/Src/stm32g0xx_hal_rcc_ex.o
 .comment       0x0000000000000050       0x51 ./Drivers/STM32G0xx_HAL_Driver/Src/stm32g0xx_hal_spi.o
 .comment       0x0000000000000050       0x51 ./Drivers/STM32G0xx_HAL_Driver/Src/stm32g0xx_hal_uart.o
 .comment       0x0000000000000050       0x51 ./Drivers/STM32G0xx_HAL_Driver/Src/stm32g0xx_hal_uart_ex.o

.debug_frame    0x0000000000000000     0x3c24
 .debug_frame   0x0000000000000000       0xb0 ./Core/Src/basicApp.o
 .debug_frame   0x00000000000000b0       0x74 ./Core/Src/canMsgRingBuf.o
 .debug_frame   0x0000000000000124       0x94 ./Core/Src/debug.o
 .debug_frame   0x00000000000001b8      0x1a4 ./Core/Src/main.o
 .debug_frame   0x000000000000035c      0x6e4 ./Core/Src/mcp2515_drv.o
 .debug_frame   0x0000000000000a40       0xc8 ./Core/Src/mcp2515_hardware.o
 .debug_frame   0x0000000000000b08       0xf0 ./Core/Src/stm32g0xx_hal_msp.o
 .debug_frame   0x0000000000000bf8       0xf0 ./Core/Src/stm32g0xx_it.o
 .debug_frame   0x0000000000000ce8       0x30 ./Core/Src/sysmem.o