../Core/Src/main.c:131:5:main	48	static
../Core/Src/main.c:351:6:SystemClock_Config	96	static
../Core/Src/main.c:396:13:MX_FDCAN1_Init	8	static
../Core/Src/main.c:439:13:MX_FDCAN2_Init	8	static
../Core/Src/main.c:482:13:MX_SPI1_Init	8	static
../Core/Src/main.c:522:13:MX_USART1_UART_Init	8	static
../Core/Src/main.c:570:13:MX_GPIO_Init	56	static
../Core/Src/main.c:652:6:heartBeat	8	static
../Core/Src/main.c:670:6:isPressedBtn	16	static
../Core/Src/main.c:705:6:HAL_FDCAN_RxFifo0Callback	48	static
../Core/Src/main.c:734:6:HAL_FDCAN_RxFifo1Callback	48	static
../Core/Src/main.c:761:6:HAL_GPIO_EXTI_Falling_Callback	16	static
../Core/Src/main.c:771:6:Error_Handler	8	static,ignoring_inline_asm
