../Core/Src/main.c:131:5:main	64	static
../Core/Src/main.c:353:6:SystemClock_Config	96	static
../Core/Src/main.c:398:13:MX_FDCAN1_Init	8	static
../Core/Src/main.c:441:13:MX_FDCAN2_Init	8	static
../Core/Src/main.c:484:13:MX_SPI1_Init	8	static
../Core/Src/main.c:524:13:MX_USART1_UART_Init	8	static
../Core/Src/main.c:572:13:MX_GPIO_Init	56	static
../Core/Src/main.c:654:6:heartBeat	8	static
../Core/Src/main.c:672:6:isPressedBtn	16	static
../Core/Src/main.c:707:6:HAL_FDCAN_RxFifo0Callback	48	static
../Core/Src/main.c:736:6:HAL_FDCAN_RxFifo1Callback	48	static
../Core/Src/main.c:762:6:HAL_GPIO_EXTI_Falling_Callback	16	static
../Core/Src/main.c:772:6:Error_Handler	8	static,ignoring_inline_asm
